Component: ARM Compiler 5.06 update 6 (build 750) Tool: armlink [4d35ed]

==============================================================================

Section Cross References

    startup_stm32f767xx.o(RESET) refers to startup_stm32f767xx.o(STACK) for __initial_sp
    startup_stm32f767xx.o(RESET) refers to startup_stm32f767xx.o(.text) for Reset_Handler
    startup_stm32f767xx.o(RESET) refers to stm32f7xx_it.o(i.NMI_Handler) for NMI_Handler
    startup_stm32f767xx.o(RESET) refers to stm32f7xx_it.o(i.HardFault_Handler) for HardFault_Handler
    startup_stm32f767xx.o(RESET) refers to stm32f7xx_it.o(i.MemManage_Handler) for MemManage_Handler
    startup_stm32f767xx.o(RESET) refers to stm32f7xx_it.o(i.BusFault_Handler) for BusFault_Handler
    startup_stm32f767xx.o(RESET) refers to stm32f7xx_it.o(i.UsageFault_Handler) for UsageFault_Handler
    startup_stm32f767xx.o(RESET) refers to stm32f7xx_it.o(i.SVC_Handler) for SVC_Handler
    startup_stm32f767xx.o(RESET) refers to stm32f7xx_it.o(i.DebugMon_Handler) for DebugMon_Handler
    startup_stm32f767xx.o(RESET) refers to stm32f7xx_it.o(i.PendSV_Handler) for PendSV_Handler
    startup_stm32f767xx.o(RESET) refers to stm32f7xx_it.o(i.SysTick_Handler) for SysTick_Handler
    startup_stm32f767xx.o(RESET) refers to stm32f7xx_it.o(i.EXTI0_IRQHandler) for EXTI0_IRQHandler
    startup_stm32f767xx.o(RESET) refers to stm32f7xx_it.o(i.EXTI1_IRQHandler) for EXTI1_IRQHandler
    startup_stm32f767xx.o(RESET) refers to stm32f7xx_it.o(i.ADC_IRQHandler) for ADC_IRQHandler
    startup_stm32f767xx.o(RESET) refers to stm32f7xx_it.o(i.TIM4_IRQHandler) for TIM4_IRQHandler
    startup_stm32f767xx.o(RESET) refers to stm32f7xx_it.o(i.DMA2_Stream0_IRQHandler) for DMA2_Stream0_IRQHandler
    startup_stm32f767xx.o(RESET) refers to stm32f7xx_it.o(i.DMA2_Stream1_IRQHandler) for DMA2_Stream1_IRQHandler
    startup_stm32f767xx.o(.text) refers to system_stm32f7xx.o(i.SystemInit) for SystemInit
    startup_stm32f767xx.o(.text) refers to entry.o(.ARM.Collect$$$$00000000) for __main
    main_1.o(i.HAL_ADC_ConvCpltCallback) refers to stm32f7xx_hal_adc.o(i.HAL_ADC_GetValue) for HAL_ADC_GetValue
    main_1.o(i.HAL_ADC_ConvCpltCallback) refers to main_1.o(i._Z9set_speedj) for set_speed(unsigned)
    main_1.o(i.HAL_ADC_ConvCpltCallback) refers to main_1.o(.data) for .data
    main_1.o(i.HAL_GPIO_EXTI_Callback) refers to stm32f7xx_hal_adc.o(i.HAL_ADC_Start) for HAL_ADC_Start
    main_1.o(i.HAL_GPIO_EXTI_Callback) refers to stm32f7xx_hal_tim.o(i.HAL_TIM_PWM_Stop_DMA) for HAL_TIM_PWM_Stop_DMA
    main_1.o(i.HAL_GPIO_EXTI_Callback) refers to stm32f7xx_hal_uart.o(i.HAL_UART_Transmit) for HAL_UART_Transmit
    main_1.o(i.HAL_GPIO_EXTI_Callback) refers to strlen.o(.text) for strlen
    main_1.o(i.HAL_GPIO_EXTI_Callback) refers to stm32f7xx_hal.o(i.HAL_Delay) for HAL_Delay
    main_1.o(i.HAL_GPIO_EXTI_Callback) refers to adc.o(.bss) for hadc1
    main_1.o(i.HAL_GPIO_EXTI_Callback) refers to main_1.o(.data) for .data
    main_1.o(i.HAL_GPIO_EXTI_Callback) refers to usart.o(.bss) for huart3
    main_1.o(i.HAL_GPIO_EXTI_Callback) refers to tim.o(.bss) for htim1
    main_1.o(i._Z10displayHEXj) refers to printfa.o(i.__0sprintf) for __2sprintf
    main_1.o(i._Z10displayHEXj) refers to strlen.o(.text) for strlen
    main_1.o(i._Z10displayHEXj) refers to stm32f7xx_hal_uart.o(i.HAL_UART_Transmit) for HAL_UART_Transmit
    main_1.o(i._Z10displayHEXj) refers to usart.o(.bss) for huart3
    main_1.o(i._Z10displayVOLj) refers to main_1.o(i._ZSt3powff) for std::pow(float, float)
    main_1.o(i._Z10displayVOLj) refers to printfa.o(i.__0sprintf) for __2sprintf
    main_1.o(i._Z10displayVOLj) refers to strlen.o(.text) for strlen
    main_1.o(i._Z10displayVOLj) refers to stm32f7xx_hal_uart.o(i.HAL_UART_Transmit) for HAL_UART_Transmit
    main_1.o(i._Z10displayVOLj) refers to usart.o(.bss) for huart3
    main_1.o(i._Z11loopPalettePA3_h) refers to ws2812b.o(i._ZN5WSLED13led_set_colorEjhhh) for WSLED::led_set_color(unsigned, unsigned char, unsigned char, unsigned char)
    main_1.o(i._Z11loopPalettePA3_h) refers to ws2812b.o(i._ZN5WSLED11led_displayEv) for WSLED::led_display()
    main_1.o(i._Z11loopPalettePA3_h) refers to stm32f7xx_hal.o(i.HAL_Delay) for HAL_Delay
    main_1.o(i._Z11loopPalettePA3_h) refers to main_1.o(.bss) for .bss
    main_1.o(i._Z11loopPalettePA3_h) refers to main_1.o(.data) for .data
    main_1.o(i._Z11randomColorv) refers to main_1.o(i._Z12randomNumberhh) for randomNumber(unsigned char, unsigned char)
    main_1.o(i._Z11randomColorv) refers to ws2812b.o(i._ZN5WSLED13led_set_colorEjhhh) for WSLED::led_set_color(unsigned, unsigned char, unsigned char, unsigned char)
    main_1.o(i._Z11randomColorv) refers to ws2812b.o(i._ZN5WSLED11led_displayEv) for WSLED::led_display()
    main_1.o(i._Z11randomColorv) refers to stm32f7xx_hal.o(i.HAL_Delay) for HAL_Delay
    main_1.o(i._Z11randomColorv) refers to main_1.o(.data) for .data
    main_1.o(i._Z11randomColorv) refers to main_1.o(.bss) for .bss
[...]
    handlers.s                               0x00000000   Number         0  handlers.o ABSOLUTE
    init.s                                   0x00000000   Number         0  init.o ABSOLUTE
    startup_stm32f767xx.s                    0x00000000   Number         0  startup_stm32f767xx.o ABSOLUTE
    RESET                                    0x08000000   Section      504  startup_stm32f767xx.o(RESET)
    .ARM.Collect$$$$00000000                 0x080001f8   Section        0  entry.o(.ARM.Collect$$$$00000000)
    .ARM.Collect$$$$00000001                 0x080001f8   Section        4  entry2.o(.ARM.Collect$$$$00000001)
    .ARM.Collect$$$$00000004                 0x080001fc   Section        4  entry5.o(.ARM.Collect$$$$00000004)
    .ARM.Collect$$$$00000008                 0x08000200   Section        0  entry7b.o(.ARM.Collect$$$$00000008)
    .ARM.Collect$$$$00000009                 0x08000200   Section        4  entry8a.o(.ARM.Collect$$$$00000009)
    .ARM.Collect$$$$0000000A                 0x08000204   Section        0  entry8b.o(.ARM.Collect$$$$0000000A)
    .ARM.Collect$$$$0000000B                 0x08000204   Section        8  entry9a.o(.ARM.Collect$$$$0000000B)
    .ARM.Collect$$$$0000000D                 0x0800020c   Section        0  entry10a.o(.ARM.Collect$$$$0000000D)
    .ARM.Collect$$$$0000000F                 0x0800020c   Section        0  entry11a.o(.ARM.Collect$$$$0000000F)
    .ARM.Collect$$$$00002712                 0x0800020c   Section        4  entry2.o(.ARM.Collect$$$$00002712)
    __lit__00000000                          0x0800020c   Data           4  entry2.o(.ARM.Collect$$$$00002712)
    .text                                    0x08000210   Section       36  startup_stm32f767xx.o(.text)
    $v0                                      0x08000210   Number         0  startup_stm32f767xx.o(.text)
    .text                                    0x08000234   Section        0  uldiv.o(.text)
    .text                                    0x08000298   Section        0  rand.o(.text)
    .text                                    0x080002bc   Section        0  memseta.o(.text)
    .text                                    0x080002e0   Section        0  strlen.o(.text)
    .text                                    0x080002f0   Section        0  cpp_init.o(.text)
    .text                                    0x08000310   Section        0  uidiv.o(.text)
    .text                                    0x0800033c   Section        0  llshl.o(.text)
    .text                                    0x0800035a   Section        0  llushr.o(.text)
    .text                                    0x0800037a   Section        0  iusefp.o(.text)
    .text                                    0x0800037a   Section        0  dadd.o(.text)
    .text                                    0x080004c8   Section        0  dmul.o(.text)
    .text                                    0x080005ac   Section        0  ddiv.o(.text)
    .text                                    0x0800068a   Section        0  dfixul.o(.text)
    .text                                    0x080006bc   Section       48  cdrcmple.o(.text)
    .text                                    0x080006ec   Section        0  fpstat.o(.text)
    .text                                    0x080006f0   Section       36  init.o(.text)
    .text                                    0x08000714   Section        0  llsshr.o(.text)
    .text                                    0x08000738   Section        0  depilogue.o(.text)
    i.ADC_IRQHandler                         0x080007f4   Section        0  stm32f7xx_it.o(i.ADC_IRQHandler)
    i.ADC_Init                               0x08000810   Section        0  stm32f7xx_hal_adc.o(i.ADC_Init)
    ADC_Init                                 0x08000811   Thumb Code   298  stm32f7xx_hal_adc.o(i.ADC_Init)
    i.BusFault_Handler                       0x08000948   Section        0  stm32f7xx_it.o(i.BusFault_Handler)
    i.DMA2_Stream0_IRQHandler                0x0800094c   Section        0  stm32f7xx_it.o(i.DMA2_Stream0_IRQHandler)
    i.DMA2_Stream1_IRQHandler                0x08000958   Section        0  stm32f7xx_it.o(i.DMA2_Stream1_IRQHandler)
    i.DMA_CalcBaseAndBitshift                0x08000964   Section        0  stm32f7xx_hal_dma.o(i.DMA_CalcBaseAndBitshift)
    DMA_CalcBaseAndBitshift                  0x08000965   Thumb Code    34  stm32f7xx_hal_dma.o(i.DMA_CalcBaseAndBitshift)
    i.DMA_CheckFifoParam                     0x0800098c   Section        0  stm32f7xx_hal_dma.o(i.DMA_CheckFifoParam)
    DMA_CheckFifoParam                       0x0800098d   Thumb Code    84  stm32f7xx_hal_dma.o(i.DMA_CheckFifoParam)
    i.DMA_SetConfig                          0x080009e0   Section        0  stm32f7xx_hal_dma.o(i.DMA_SetConfig)
    DMA_SetConfig                            0x080009e1   Thumb Code    40  stm32f7xx_hal_dma.o(i.DMA_SetConfig)
    i.DebugMon_Handler                       0x08000a08   Section        0  stm32f7xx_it.o(i.DebugMon_Handler)
    i.EXTI0_IRQHandler                       0x08000a0a   Section        0  stm32f7xx_it.o(i.EXTI0_IRQHandler)
    i.EXTI1_IRQHandler                       0x08000a10   Section        0  stm32f7xx_it.o(i.EXTI1_IRQHandler)
    i.Error_Handler                          0x08000a16   Section        0  main_1.o(i.Error_Handler)
    i.HAL_ADCEx_InjectedConvCpltCallback     0x08000a18   Section        0  stm32f7xx_hal_adc_ex.o(i.HAL_ADCEx_InjectedConvCpltCallback)
    i.HAL_ADC_ConfigChannel                  0x08000a1c   Section        0  stm32f7xx_hal_adc.o(i.HAL_ADC_ConfigChannel)
    i.HAL_ADC_ConvCpltCallback               0x08000b80   Section        0  main_1.o(i.HAL_ADC_ConvCpltCallback)
    i.HAL_ADC_ErrorCallback                  0x08000ba0   Section        0  stm32f7xx_hal_adc.o(i.HAL_ADC_ErrorCallback)
    i.HAL_ADC_GetValue                       0x08000ba2   Section        0  stm32f7xx_hal_adc.o(i.HAL_ADC_GetValue)
    i.HAL_ADC_IRQHandler                     0x08000ba8   Section        0  stm32f7xx_hal_adc.o(i.HAL_ADC_IRQHandler)
    i.HAL_ADC_Init                           0x08000ce4   Section        0  stm32f7xx_hal_adc.o(i.HAL_ADC_Init)
    i.HAL_ADC_LevelOutOfWindowCallback       0x08000d38   Section        0  stm32f7xx_hal_adc.o(i.HAL_ADC_LevelOutOfWindowCallback)
    i.HAL_ADC_MspInit                        0x08000d3c   Section        0  adc.o(i.HAL_ADC_MspInit)
    i.HAL_ADC_Start                          0x08000e30   Section        0  stm32f7xx_hal_adc.o(i.HAL_ADC_Start)
    i.HAL_ADC_Start_IT                       0x08000f10   Section        0  stm32f7xx_hal_adc.o(i.HAL_ADC_Start_IT)
    i.HAL_DMA_Abort_IT                       0x08001000   Section        0  stm32f7xx_hal_dma.o(i.HAL_DMA_Abort_IT)
    i.HAL_DMA_IRQHandler                     0x08001024   Section        0  stm32f7xx_hal_dma.o(i.HAL_DMA_IRQHandler)
    i.HAL_DMA_Init                           0x080011c4   Section        0  stm32f7xx_hal_dma.o(i.HAL_DMA_Init)
    i.HAL_DMA_Start_IT                       0x080012a8   Section        0  stm32f7xx_hal_dma.o(i.HAL_DMA_Start_IT)
    i.HAL_Delay                              0x08001324   Section        0  stm32f7xx_hal.o(i.HAL_Delay)
    i.HAL_GPIO_EXTI_Callback                 0x08001348   Section        0  main_1.o(i.HAL_GPIO_EXTI_Callback)
    i.HAL_GPIO_EXTI_IRQHandler               0x080014fc   Section        0  stm32f7xx_hal_gpio.o(i.HAL_GPIO_EXTI_IRQHandler)
    i.HAL_GPIO_Init                          0x08001514   Section        0  stm32f7xx_hal_gpio.o(i.HAL_GPIO_Init)
    i.HAL_GPIO_WritePin                      0x080016ec   Section        0  stm32f7xx_hal_gpio.o(i.HAL_GPIO_WritePin)
    i.HAL_GetTick                            0x080016f8   Section        0  stm32f7xx_hal.o(i.HAL_GetTick)
    i.HAL_IncTick                            0x08001704   Section        0  stm32f7xx_hal.o(i.HAL_IncTick)
    i.HAL_Init                               0x08001714   Section        0  stm32f7xx_hal.o(i.HAL_Init)
    i.HAL_InitTick                           0x0800172c   Section        0  stm32f7xx_hal.o(i.HAL_InitTick)
    i.HAL_MspInit                            0x0800176c   Section        0  stm32f7xx_hal_msp.o(i.HAL_MspInit)
    i.HAL_NVIC_EnableIRQ                     0x080017a0   Section        0  stm32f7xx_hal_cortex.o(i.HAL_NVIC_EnableIRQ)
    i.HAL_NVIC_SetPriority                   0x080017bc   Section        0  stm32f7xx_hal_cortex.o(i.HAL_NVIC_SetPriority)
    i.HAL_NVIC_SetPriorityGrouping           0x080017fc   Section        0  stm32f7xx_hal_cortex.o(i.HAL_NVIC_SetPriorityGrouping)
    i.HAL_PWREx_EnableOverDrive              0x08001820   Section        0  stm32f7xx_hal_pwr_ex.o(i.HAL_PWREx_EnableOverDrive)
    i.HAL_RCCEx_PeriphCLKConfig              0x0800188c   Section        0  stm32f7xx_hal_rcc_ex.o(i.HAL_RCCEx_PeriphCLKConfig)
    i.HAL_RCC_ClockConfig                    0x08001dc8   Section        0  stm32f7xx_hal_rcc.o(i.HAL_RCC_ClockConfig)
    i.HAL_RCC_GetPCLK1Freq                   0x08001ef4   Section        0  stm32f7xx_hal_rcc.o(i.HAL_RCC_GetPCLK1Freq)
    i.HAL_RCC_GetPCLK2Freq                   0x08001f14   Section        0  stm32f7xx_hal_rcc.o(i.HAL_RCC_GetPCLK2Freq)
    i.HAL_RCC_GetSysClockFreq                0x08001f34   Section        0  stm32f7xx_hal_rcc.o(i.HAL_RCC_GetSysClockFreq)
    i.HAL_RCC_OscConfig                      0x08001f98   Section        0  stm32f7xx_hal_rcc.o(i.HAL_RCC_OscConfig)
    i.HAL_SYSTICK_Config                     0x080022d4   Section        0  stm32f7xx_hal_cortex.o(i.HAL_SYSTICK_Config)
    i.HAL_TIMEx_Break2Callback               0x080022fa   Section        0  stm32f7xx_hal_tim_ex.o(i.HAL_TIMEx_Break2Callback)
    i.HAL_TIMEx_BreakCallback                0x080022fc   Section        0  stm32f7xx_hal_tim_ex.o(i.HAL_TIMEx_BreakCallback)
    i.HAL_TIMEx_CommutCallback               0x080022fe   Section        0  stm32f7xx_hal_tim_ex.o(i.HAL_TIMEx_CommutCallback)
    i.HAL_TIMEx_ConfigBreakDeadTime          0x08002300   Section        0  stm32f7xx_hal_tim_ex.o(i.HAL_TIMEx_ConfigBreakDeadTime)
    i.HAL_TIMEx_MasterConfigSynchronization  0x080023a0   Section        0  stm32f7xx_hal_tim_ex.o(i.HAL_TIMEx_MasterConfigSynchronization)
    i.HAL_TIM_Base_Init                      0x08002400   Section        0  stm32f7xx_hal_tim.o(i.HAL_TIM_Base_Init)
    i.HAL_TIM_Base_MspInit                   0x08002438   Section        0  tim.o(i.HAL_TIM_Base_MspInit)
    i.HAL_TIM_Base_Start                     0x08002488   Section        0  stm32f7xx_hal_tim.o(i.HAL_TIM_Base_Start)
    i.HAL_TIM_Base_Start_IT                  0x080024b8   Section        0  stm32f7xx_hal_tim.o(i.HAL_TIM_Base_Start_IT)
    i.HAL_TIM_ConfigClockSource              0x080024e4   Section        0  stm32f7xx_hal_tim.o(i.HAL_TIM_ConfigClockSource)
    i.HAL_TIM_ErrorCallback                  0x080025c0   Section        0  stm32f7xx_hal_tim.o(i.HAL_TIM_ErrorCallback)
    i.HAL_TIM_IC_CaptureCallback             0x080025c2   Section        0  stm32f7xx_hal_tim.o(i.HAL_TIM_IC_CaptureCallback)
    i.HAL_TIM_IRQHandler                     0x080025c4   Section        0  stm32f7xx_hal_tim.o(i.HAL_TIM_IRQHandler)
    i.HAL_TIM_MspPostInit                    0x08002748   Section        0  tim.o(i.HAL_TIM_MspPostInit)
    i.HAL_TIM_OC_DelayElapsedCallback        0x0800279c   Section        0  stm32f7xx_hal_tim.o(i.HAL_TIM_OC_DelayElapsedCallback)
    i.HAL_TIM_PWM_ConfigChannel              0x0800279e   Section        0  stm32f7xx_hal_tim.o(i.HAL_TIM_PWM_ConfigChannel)
    i.HAL_TIM_PWM_Init                       0x080028c6   Section        0  stm32f7xx_hal_tim.o(i.HAL_TIM_PWM_Init)
    i.HAL_TIM_PWM_MspInit                    0x080028fc   Section        0  tim.o(i.HAL_TIM_PWM_MspInit)
    i.HAL_TIM_PWM_PulseFinishedCallback      0x08002970   Section        0  stm32f7xx_hal_tim.o(i.HAL_TIM_PWM_PulseFinishedCallback)
    i.HAL_TIM_PWM_PulseFinishedHalfCpltCallback 0x08002972   Section        0  stm32f7xx_hal_tim.o(i.HAL_TIM_PWM_PulseFinishedHalfCpltCallback)
    i.HAL_TIM_PWM_Start_DMA                  0x08002974   Section        0  stm32f7xx_hal_tim.o(i.HAL_TIM_PWM_Start_DMA)
    i.HAL_TIM_PWM_Stop_DMA                   0x08002aa0   Section        0  stm32f7xx_hal_tim.o(i.HAL_TIM_PWM_Stop_DMA)
    i.HAL_TIM_PeriodElapsedCallback          0x08002b44   Section        0  stm32f7xx_hal_tim.o(i.HAL_TIM_PeriodElapsedCallback)
    i.HAL_TIM_TriggerCallback                0x08002b46   Section        0  stm32f7xx_hal_tim.o(i.HAL_TIM_TriggerCallback)
    i.HAL_UART_Init                          0x08002b48   Section        0  stm32f7xx_hal_uart.o(i.HAL_UART_Init)
    i.HAL_UART_MspInit                       0x08002bb0   Section        0  usart.o(i.HAL_UART_MspInit)
    i.HAL_UART_Transmit                      0x08002c14   Section        0  stm32f7xx_hal_uart.o(i.HAL_UART_Transmit)
    i.HardFault_Handler                      0x08002cca   Section        0  stm32f7xx_it.o(i.HardFault_Handler)
    i.MX_ADC1_Init                           0x08002ccc   Section        0  adc.o(i.MX_ADC1_Init)
    i.MX_ADC2_Init                           0x08002d30   Section        0  adc.o(i.MX_ADC2_Init)
    i.MX_DMA_Init                            0x08002d90   Section        0  dma.o(i.MX_DMA_Init)
    i.MX_GPIO_Init                           0x08002dcc   Section        0  gpio.o(i.MX_GPIO_Init)
    i.MX_TIM1_Init                           0x08002ef8   Section        0  tim.o(i.MX_TIM1_Init)
    i.MX_TIM2_Init                           0x08002fa4   Section        0  tim.o(i.MX_TIM2_Init)
    i.MX_TIM4_Init                           0x0800300c   Section        0  tim.o(i.MX_TIM4_Init)
    i.MX_USART3_UART_Init                    0x08003074   Section        0  usart.o(i.MX_USART3_UART_Init)
    i.MemManage_Handler                      0x080030b0   Section        0  stm32f7xx_it.o(i.MemManage_Handler)
    i.NMI_Handler                            0x080030b2   Section        0  stm32f7xx_it.o(i.NMI_Handler)
    i.PendSV_Handler                         0x080030b4   Section        0  stm32f7xx_it.o(i.PendSV_Handler)
    i.SVC_Handler                            0x080030b6   Section        0  stm32f7xx_it.o(i.SVC_Handler)
    i.SysTick_Handler                        0x080030b8   Section        0  stm32f7xx_it.o(i.SysTick_Handler)
    i.SystemInit                             0x080030bc   Section        0  system_stm32f7xx.o(i.SystemInit)
    i.TIM4_IRQHandler                        0x08003110   Section        0  stm32f7xx_it.o(i.TIM4_IRQHandler)
    i.TIM_Base_SetConfig                     0x0800312c   Section        0  stm32f7xx_hal_tim.o(i.TIM_Base_SetConfig)
    i.TIM_CCxChannelCmd                      0x080031f8   Section        0  stm32f7xx_hal_tim.o(i.TIM_CCxChannelCmd)
    i.TIM_DMADelayPulseCplt                  0x08003212   Section        0  stm32f7xx_hal_tim.o(i.TIM_DMADelayPulseCplt)
    i.TIM_DMADelayPulseHalfCplt              0x08003250   Section        0  stm32f7xx_hal_tim.o(i.TIM_DMADelayPulseHalfCplt)
    i.TIM_DMAError                           0x0800328e   Section        0  stm32f7xx_hal_tim.o(i.TIM_DMAError)
    i.TIM_ETR_SetConfig                      0x0800329e   Section        0  stm32f7xx_hal_tim.o(i.TIM_ETR_SetConfig)
    i.TIM_ITRx_SetConfig                     0x080032b0   Section        0  stm32f7xx_hal_tim.o(i.TIM_ITRx_SetConfig)
    TIM_ITRx_SetConfig                       0x080032b1   Thumb Code    16  stm32f7xx_hal_tim.o(i.TIM_ITRx_SetConfig)
    i.TIM_OC1_SetConfig                      0x080032c0   Section        0  stm32f7xx_hal_tim.o(i.TIM_OC1_SetConfig)
    TIM_OC1_SetConfig                        0x080032c1   Thumb Code   102  stm32f7xx_hal_tim.o(i.TIM_OC1_SetConfig)
    i.TIM_OC2_SetConfig                      0x08003334   Section        0  stm32f7xx_hal_tim.o(i.TIM_OC2_SetConfig)
    i.TIM_OC3_SetConfig                      0x080033ac   Section        0  stm32f7xx_hal_tim.o(i.TIM_OC3_SetConfig)
    TIM_OC3_SetConfig                        0x080033ad   Thumb Code   108  stm32f7xx_hal_tim.o(i.TIM_OC3_SetConfig)
    i.TIM_OC4_SetConfig                      0x08003424   Section        0  stm32f7xx_hal_tim.o(i.TIM_OC4_SetConfig)
    TIM_OC4_SetConfig                        0x08003425   Thumb Code    76  stm32f7xx_hal_tim.o(i.TIM_OC4_SetConfig)
    i.TIM_OC5_SetConfig                      0x0800347c   Section        0  stm32f7xx_hal_tim.o(i.TIM_OC5_SetConfig)
    TIM_OC5_SetConfig                        0x0800347d   Thumb Code    74  stm32f7xx_hal_tim.o(i.TIM_OC5_SetConfig)
    i.TIM_OC6_SetConfig                      0x080034d4   Section        0  stm32f7xx_hal_tim.o(i.TIM_OC6_SetConfig)
    TIM_OC6_SetConfig                        0x080034d5   Thumb Code    74  stm32f7xx_hal_tim.o(i.TIM_OC6_SetConfig)
    i.TIM_TI1_ConfigInputStage               0x0800352c   Section        0  stm32f7xx_hal_tim.o(i.TIM_TI1_ConfigInputStage)
    TIM_TI1_ConfigInputStage                 0x0800352d   Thumb Code    34  stm32f7xx_hal_tim.o(i.TIM_TI1_ConfigInputStage)
    i.TIM_TI2_ConfigInputStage               0x0800354e   Section        0  stm32f7xx_hal_tim.o(i.TIM_TI2_ConfigInputStage)
    TIM_TI2_ConfigInputStage                 0x0800354f   Thumb Code    36  stm32f7xx_hal_tim.o(i.TIM_TI2_ConfigInputStage)
    i.UART_AdvFeatureConfig                  0x08003572   Section        0  stm32f7xx_hal_uart.o(i.UART_AdvFeatureConfig)
    i.UART_CheckIdleState                    0x0800363a   Section        0  stm32f7xx_hal_uart.o(i.UART_CheckIdleState)
    i.UART_SetConfig                         0x08003678   Section        0  stm32f7xx_hal_uart.o(i.UART_SetConfig)
    i.UART_WaitOnFlagUntilTimeout            0x080038cc   Section        0  stm32f7xx_hal_uart.o(i.UART_WaitOnFlagUntilTimeout)
    i.UsageFault_Handler                     0x0800392c   Section        0  stm32f7xx_it.o(i.UsageFault_Handler)
    i._Z10displayHEXj                        0x08003930   Section        0  main_1.o(i._Z10displayHEXj)
    i._Z10displayVOLj                        0x080039c0   Section        0  main_1.o(i._Z10displayVOLj)
    i._Z11randomColorv                       0x08003a84   Section        0  main_1.o(i._Z11randomColorv)
    i._Z12loopPalette2PA3_h                  0x08003adc   Section        0  main_1.o(i._Z12loopPalette2PA3_h)
    i._Z12randomNumberhh                     0x08003b3c   Section        0  main_1.o(i._Z12randomNumberhh)
    i._Z14strobeGradientv                    0x08003b58   Section        0  main_1.o(i._Z14strobeGradientv)
    i._Z15rainbowGradientv                   0x08003bd4   Section        0  main_1.o(i._Z15rainbowGradientv)
    i._Z16SCB_EnableDCachev                  0x08003c34   Section        0  main_1.o(i._Z16SCB_EnableDCachev)
    SCB_EnableDCache()                       0x08003c35   Thumb Code    76  main_1.o(i._Z16SCB_EnableDCachev)
    i._Z16SCB_EnableICachev                  0x08003c88   Section        0  main_1.o(i._Z16SCB_EnableICachev)
    SCB_EnableICache()                       0x08003c89   Thumb Code    42  main_1.o(i._Z16SCB_EnableICachev)
    i._Z18SystemClock_Configv                0x08003cbc   Section        0  main_1.o(i._Z18SystemClock_Configv)
    i._Z5Wheelh                              0x08003d58   Section        0  main_1.o(i._Z5Wheelh)
    i._Z8musicRowPh                          0x08003da0   Section        0  main_1.o(i._Z8musicRowPh)
    i._Z8set_FreqPd                          0x08003e14   Section        0  main_1.o(i._Z8set_FreqPd)
    i._Z8wheelAllv                           0x080042b4   Section        0  main_1.o(i._Z8wheelAllv)
    i._Z9set_speedj                          0x08004304   Section        0  main_1.o(i._Z9set_speedj)
    i._ZN5WSLED11led_displayEv               0x08004444   Section        0  ws2812b.o(i._ZN5WSLED11led_displayEv)
    i._ZN5WSLED13led_set_colorEjhhh          0x0800447c   Section        0  ws2812b.o(i._ZN5WSLED13led_set_colorEjhhh)
    i._ZN5WSLED17led_set_color_allEhhh       0x08004498   Section        0  ws2812b.o(i._ZN5WSLED17led_set_color_allEhhh)
    i._ZN5WSLED17led_set_color_rgbEjj        0x080044b2   Section        0  ws2812b.o(i._ZN5WSLED17led_set_color_rgbEjj)
    i._ZN5WSLED21led_fill_led_pwm_dataEj     0x080044d2   Section        0  ws2812b.o(i._ZN5WSLED21led_fill_led_pwm_dataEj)
    i._ZN5WSLED21led_set_color_all_rgbEj     0x08004530   Section        0  ws2812b.o(i._ZN5WSLED21led_set_color_all_rgbEj)
    i._ZN5WSLED8led_initEv                   0x08004558   Section        0  ws2812b.o(i._ZN5WSLED8led_initEv)
    i._ZN5WSLEDC1Ev                          0x0800456c   Section        0  ws2812b.o(i._ZN5WSLEDC1Ev)
    i._ZSt3powff                             0x08004584   Section        0  main_1.o(i._ZSt3powff)
    i.__0sprintf                             0x08004588   Section        0  printfa.o(i.__0sprintf)
    i.__ARM_fpclassifyf                      0x080045b0   Section        0  fpclassifyf.o(i.__ARM_fpclassifyf)
    i.__NVIC_SetPriority                     0x080045d6   Section        0  stm32f7xx_hal_cortex.o(i.__NVIC_SetPriority)
    __NVIC_SetPriority                       0x080045d7   Thumb Code    34  stm32f7xx_hal_cortex.o(i.__NVIC_SetPriority)
    i.__hardfp_powf                          0x080045f8   Section        0  powf.o(i.__hardfp_powf)
    i.__mathlib_flt_divzero                  0x08004c50   Section        0  funder.o(i.__mathlib_flt_divzero)
    i.__mathlib_flt_infnan2                  0x08004c68   Section        0  funder.o(i.__mathlib_flt_infnan2)
    i.__mathlib_flt_invalid                  0x08004c70   Section        0  funder.o(i.__mathlib_flt_invalid)
    i.__mathlib_flt_overflow                 0x08004c80   Section        0  funder.o(i.__mathlib_flt_overflow)
    i.__mathlib_flt_underflow                0x08004c90   Section        0  funder.o(i.__mathlib_flt_underflow)
    i.__scatterload_copy                     0x08004ca0   Section       14  handlers.o(i.__scatterload_copy)
    i.__scatterload_null                     0x08004cae   Section        2  handlers.o(i.__scatterload_null)
    i.__scatterload_zeroinit                 0x08004cb0   Section       14  handlers.o(i.__scatterload_zeroinit)
    i.__set_errno                            0x08004cc0   Section        0  errno.o(i.__set_errno)
    i.__sti___8_main_cpp_wsled               0x08004ccc   Section        0  main_1.o(i.__sti___8_main_cpp_wsled)
    __sti___8_main_cpp_wsled                 0x08004ccd   Thumb Code     6  main_1.o(i.__sti___8_main_cpp_wsled)
    i._fp_digits                             0x08004cd8   Section        0  printfa.o(i._fp_digits)
    _fp_digits                               0x08004cd9   Thumb Code   366  printfa.o(i._fp_digits)
    i._printf_core                           0x08004e5c   Section        0  printfa.o(i._printf_core)
    _printf_core                             0x08004e5d   Thumb Code  1744  printfa.o(i._printf_core)
    i._printf_post_padding                   0x08005538   Section        0  printfa.o(i._printf_post_padding)
    _printf_post_padding                     0x08005539   Thumb Code    36  printfa.o(i._printf_post_padding)
    i._printf_pre_padding                    0x0800555c   Section        0  printfa.o(i._printf_pre_padding)
    _printf_pre_padding                      0x0800555d   Thumb Code    46  printfa.o(i._printf_pre_padding)
    i._sputc                                 0x0800558a   Section        0  printfa.o(i._sputc)
    _sputc                                   0x0800558b   Thumb Code    10  printfa.o(i._sputc)
    i.main                                   0x08005594   Section        0  main_1.o(i.main)
    i.spectrum_ANALYZER                      0x08005714   Section        0  main_1.o(i.spectrum_ANALYZER)
    .constdata                               0x080057b4   Section        8  stm32f7xx_hal_dma.o(.constdata)
    flagBitshiftOffset                       0x080057b4   Data           8  stm32f7xx_hal_dma.o(.constdata)
    .constdata                               0x080057bc   Section       16  system_stm32f7xx.o(.constdata)
    .constdata                               0x080057cc   Section        8  system_stm32f7xx.o(.constdata)
    .constdata                               0x080057d4   Section      320  powf.o(.constdata)
    table                                    0x080057d4   Data         128  powf.o(.constdata)
    powersof2to1over16top                    0x08005854   Data          64  powf.o(.constdata)
    powersof2to1over16bot                    0x08005894   Data          64  powf.o(.constdata)
    powersof2to1over16all                    0x080058d4   Data          64  powf.o(.constdata)
    .init_array                              0x08005934   Section        4  main_1.o(.init_array)
    .init_array                              0x08005938   Section        0  cpp_init.o(.init_array)
    .data                                    0x20000000   Section       34  main_1.o(.data)
    .data                                    0x20000024   Section       12  stm32f7xx_hal.o(.data)
    .data                                    0x20000030   Section        4  system_stm32f7xx.o(.data)
    .data                                    0x20000034   Section        4  rand.o(.data)
    _rand_state                              0x20000034   Data           4  rand.o(.data)
    .data                                    0x20000038   Section        4  errno.o(.data)
    _errno                                   0x20000038   Data           4  errno.o(.data)
    .bss                                     0x2000003c   Section     5080  main_1.o(.bss)
    .bss                                     0x20001414   Section      240  adc.o(.bss)
    .bss                                     0x20001504   Section      288  tim.o(.bss)
    .bss                                     0x20001624   Section      128  usart.o(.bss)
    STACK                                    0x200016a8   Section     1024  startup_stm32f767xx.o(STACK)

    Global Symbols

    Symbol Name                              Value     Ov Type        Size  Object(Section)

    BuildAttributes$$THM_ISAv4$E$P$D$K$B$S$7EM$VFPv5_D16$PE$PLD8$A:L22UL41UL21$X:L11$S22US41US21$IEEE1$IW$USESV6$~STKCKD$USESV7$~SHL$OTIME$ROPI$IEEEX$EBA8$MICROLIB$REQ8$PRES8$EABIv2 0x00000000   Number         0  anon$$obj.o ABSOLUTE
    __ARM_use_no_argv                        0x00000000   Number         0  main_1.o ABSOLUTE
    _printf_a                                0x00000000   Number         0  stubs.o ABSOLUTE
    _printf_c                                0x00000000   Number         0  stubs.o ABSOLUTE
    _printf_charcount                        0x00000000   Number         0  stubs.o ABSOLUTE
    _printf_d                                0x00000000   Number         0  stubs.o ABSOLUTE
    _printf_e                                0x00000000   Number         0  stubs.o ABSOLUTE
    _printf_f                                0x00000000   Number         0  stubs.o ABSOLUTE
    _printf_flags                            0x00000000   Number         0  stubs.o ABSOLUTE
    _printf_fp_dec                           0x00000000   Number         0  stubs.o ABSOLUTE
    _printf_fp_hex                           0x00000000   Number         0  stubs.o ABSOLUTE
    _printf_g                                0x00000000   Number         0  stubs.o ABSOLUTE
    _printf_i                                0x00000000   Number         0  stubs.o ABSOLUTE
    _printf_int_dec                          0x00000000   Number         0  stubs.o ABSOLUTE
    _printf_l                                0x00000000   Number         0  stubs.o ABSOLUTE
    _printf_lc                               0x00000000   Number         0  stubs.o ABSOLUTE
    _printf_ll                               0x00000000   Number         0  stubs.o ABSOLUTE
    _printf_lld                              0x00000000   Number         0  stubs.o ABSOLUTE
    _printf_lli                              0x00000000   Number         0  stubs.o ABSOLUTE
    _printf_llo                              0x00000000   Number         0  stubs.o ABSOLUTE
    _printf_llu                              0x00000000   Number         0  stubs.o ABSOLUTE
    _printf_llx                              0x00000000   Number         0  stubs.o ABSOLUTE
    _printf_longlong_dec                     0x00000000   Number         0  stubs.o ABSOLUTE
    _printf_longlong_hex                     0x00000000   Number         0  stubs.o ABSOLUTE
    _printf_longlong_oct                     0x00000000   Number         0  stubs.o ABSOLUTE
    _printf_ls                               0x00000000   Number         0  stubs.o ABSOLUTE
    _printf_mbtowc                           0x00000000   Number         0  stubs.o ABSOLUTE
    _printf_n                                0x00000000   Number         0  stubs.o ABSOLUTE
    _printf_o                                0x00000000   Number         0  stubs.o ABSOLUTE
    _printf_p                                0x00000000   Number         0  stubs.o ABSOLUTE
    _printf_percent                          0x00000000   Number         0  stubs.o ABSOLUTE
    _printf_pre_padding                      0x00000000   Number         0  stubs.o ABSOLUTE
    _printf_return_value                     0x00000000   Number         0  stubs.o ABSOLUTE
    _printf_s                                0x00000000   Number         0  stubs.o ABSOLUTE
    _printf_sizespec                         0x00000000   Number         0  stubs.o ABSOLUTE
    _printf_str                              0x00000000   Number         0  stubs.o ABSOLUTE
    _printf_truncate_signed                  0x00000000   Number         0  stubs.o ABSOLUTE
    _printf_truncate_unsigned                0x00000000   Number         0  stubs.o ABSOLUTE
    _printf_u                                0x00000000   Number         0  stubs.o ABSOLUTE
    _printf_wc                               0x00000000   Number         0  stubs.o ABSOLUTE
    _printf_wctomb                           0x00000000   Number         0  stubs.o ABSOLUTE
    _printf_widthprec                        0x00000000   Number         0  stubs.o ABSOLUTE
    _printf_x                                0x00000000   Number         0  stubs.o ABSOLUTE
    __cxa_finalize                            - Undefined Weak Reference
    __decompress                              - Undefined Weak Reference
    _clock_init                               - Undefined Weak Reference
    _microlib_exit                            - Undefined Weak Reference
    __Vectors_Size                           0x000001f8   Number         0  startup_stm32f767xx.o ABSOLUTE
    __Vectors                                0x08000000   Data           4  startup_stm32f767xx.o(RESET)
    __Vectors_End                            0x080001f8   Data           0  startup_stm32f767xx.o(RESET)
    __main                                   0x080001f9   Thumb Code     0  entry.o(.ARM.Collect$$$$00000000)
    _main_stk                                0x080001f9   Thumb Code     0  entry2.o(.ARM.Collect$$$$00000001)
    _main_scatterload                        0x080001fd   Thumb Code     0  entry5.o(.ARM.Collect$$$$00000004)
    __main_after_scatterload                 0x08000201   Thumb Code     0  entry5.o(.ARM.Collect$$$$00000004)
    _main_clock                              0x08000201   Thumb Code     0  entry7b.o(.ARM.Collect$$$$00000008)
    _main_cpp_init$empty                     0x08000201   Thumb Code     0  entry8a.o(.ARM.Collect$$$$00000009)
    _main_cpp_init                           0x08000205   Thumb Code     0  entry8b.o(.ARM.Collect$$$$0000000A)
    _main_init                               0x08000205   Thumb Code     0  entry9a.o(.ARM.Collect$$$$0000000B)
    __rt_final_cpp                           0x0800020d   Thumb Code     0  entry10a.o(.ARM.Collect$$$$0000000D)
    __rt_final_exit                          0x0800020d   Thumb Code     0  entry11a.o(.ARM.Collect$$$$0000000F)
    Reset_Handler                            0x08000211   Thumb Code     8  startup_stm32f767xx.o(.text)
    CAN1_RX0_IRQHandler                      0x0800022b   Thumb Code     0  startup_stm32f767xx.o(.text)
    CAN1_RX1_IRQHandler                      0x0800022b   Thumb Code     0  startup_stm32f767xx.o(.text)
    CAN1_SCE_IRQHandler                      0x0800022b   Thumb Code     0  startup_stm32f767xx.o(.text)
    CAN1_TX_IRQHandler                       0x0800022b   Thumb Code     0  startup_stm32f767xx.o(.text)
    CAN2_RX0_IRQHandler                      0x0800022b   Thumb Code     0  startup_stm32f767xx.o(.text)
    CAN2_RX1_IRQHandler                      0x0800022b   Thumb Code     0  startup_stm32f767xx.o(.text)
    CAN2_SCE_IRQHandler                      0x0800022b   Thumb Code     0  startup_stm32f767xx.o(.text)
    CAN2_TX_IRQHandler                       0x0800022b   Thumb Code     0  startup_stm32f767xx.o(.text)
    CAN3_RX0_IRQHandler                      0x0800022b   Thumb Code     0  startup_stm32f767xx.o(.text)
    CAN3_RX1_IRQHandler                      0x0800022b   Thumb Code     0  startup_stm32f767xx.o(.text)
    CAN3_SCE_IRQHandler                      0x0800022b   Thumb Code     0  startup_stm32f767xx.o(.text)
    CAN3_TX_IRQHandler                       0x0800022b   Thumb Code     0  startup_stm32f767xx.o(.text)
    CEC_IRQHandler                           0x0800022b   Thumb Code     0  startup_stm32f767xx.o(.text)
    DCMI_IRQHandler                          0x0800022b   Thumb Code     0  startup_stm32f767xx.o(.text)
    DFSDM1_FLT0_IRQHandler                   0x0800022b   Thumb Code     0  startup_stm32f767xx.o(.text)
    DFSDM1_FLT1_IRQHandler                   0x0800022b   Thumb Code     0  startup_stm32f767xx.o(.text)
    DFSDM1_FLT2_IRQHandler                   0x0800022b   Thumb Code     0  startup_stm32f767xx.o(.text)
    DFSDM1_FLT3_IRQHandler                   0x0800022b   Thumb Code     0  startup_stm32f767xx.o(.text)
    DMA1_Stream0_IRQHandler                  0x0800022b   Thumb Code     0  startup_stm32f767xx.o(.text)
    DMA1_Stream1_IRQHandler                  0x0800022b   Thumb Code     0  startup_stm32f767xx.o(.text)
    DMA1_Stream2_IRQHandler                  0x0800022b   Thumb Code     0  startup_stm32f767xx.o(.text)
    DMA1_Stream3_IRQHandler                  0x0800022b   Thumb Code     0  startup_stm32f767xx.o(.text)
    DMA1_Stream4_IRQHandler                  0x0800022b   Thumb Code     0  startup_stm32f767xx.o(.text)
    DMA1_Stream5_IRQHandler                  0x0800022b   Thumb Code     0  startup_stm32f767xx.o(.text)
    DMA1_Stream6_IRQHandler                  0x0800022b   Thumb Code     0  startup_stm32f767xx.o(.text)
    DMA1_Stream7_IRQHandler                  0x0800022b   Thumb Code     0  startup_stm32f767xx.o(.text)
    DMA2D_IRQHandler                         0x0800022b   Thumb Code     0  startup_stm32f767xx.o(.text)
    DMA2_Stream2_IRQHandler                  0x0800022b   Thumb Code     0  startup_stm32f767xx.o(.text)
    DMA2_Stream3_IRQHandler                  0x0800022b   Thumb Code     0  startup_stm32f767xx.o(.text)
    DMA2_Stream4_IRQHandler                  0x0800022b   Thumb Code     0  startup_stm32f767xx.o(.text)
    DMA2_Stream5_IRQHandler                  0x0800022b   Thumb Code     0  startup_stm32f767xx.o(.text)
    DMA2_Stream6_IRQHandler                  0x0800022b   Thumb Code     0  startup_stm32f767xx.o(.text)
    DMA2_Stream7_IRQHandler                  0x0800022b   Thumb Code     0  startup_stm32f767xx.o(.text)
    ETH_IRQHandler                           0x0800022b   Thumb Code     0  startup_stm32f767xx.o(.text)
    ETH_WKUP_IRQHandler                      0x0800022b   Thumb Code     0  startup_stm32f767xx.o(.text)
    EXTI15_10_IRQHandler                     0x0800022b   Thumb Code     0  startup_stm32f767xx.o(.text)
    EXTI2_IRQHandler                         0x0800022b   Thumb Code     0  startup_stm32f767xx.o(.text)
    EXTI3_IRQHandler                         0x0800022b   Thumb Code     0  startup_stm32f767xx.o(.text)
    EXTI4_IRQHandler                         0x0800022b   Thumb Code     0  startup_stm32f767xx.o(.text)
    EXTI9_5_IRQHandler                       0x0800022b   Thumb Code     0  startup_stm32f767xx.o(.text)
    FLASH_IRQHandler                         0x0800022b   Thumb Code     0  startup_stm32f767xx.o(.text)
    FMC_IRQHandler                           0x0800022b   Thumb Code     0  startup_stm32f767xx.o(.text)
    FPU_IRQHandler                           0x0800022b   Thumb Code     0  startup_stm32f767xx.o(.text)
    I2C1_ER_IRQHandler                       0x0800022b   Thumb Code     0  startup_stm32f767xx.o(.text)
    I2C1_EV_IRQHandler                       0x0800022b   Thumb Code     0  startup_stm32f767xx.o(.text)
    I2C2_ER_IRQHandler                       0x0800022b   Thumb Code     0  startup_stm32f767xx.o(.text)
    I2C2_EV_IRQHandler                       0x0800022b   Thumb Code     0  startup_stm32f767xx.o(.text)
    I2C3_ER_IRQHandler                       0x0800022b   Thumb Code     0  startup_stm32f767xx.o(.text)
    I2C3_EV_IRQHandler                       0x0800022b   Thumb Code     0  startup_stm32f767xx.o(.text)
    I2C4_ER_IRQHandler                       0x0800022b   Thumb Code     0  startup_stm32f767xx.o(.text)
    I2C4_EV_IRQHandler                       0x0800022b   Thumb Code     0  startup_stm32f767xx.o(.text)
    JPEG_IRQHandler                          0x0800022b   Thumb Code     0  startup_stm32f767xx.o(.text)
    LPTIM1_IRQHandler                        0x0800022b   Thumb Code     0  startup_stm32f767xx.o(.text)
    LTDC_ER_IRQHandler                       0x0800022b   Thumb Code     0  startup_stm32f767xx.o(.text)
    LTDC_IRQHandler                          0x0800022b   Thumb Code     0  startup_stm32f767xx.o(.text)
    MDIOS_IRQHandler                         0x0800022b   Thumb Code     0  startup_stm32f767xx.o(.text)
    OTG_FS_IRQHandler                        0x0800022b   Thumb Code     0  startup_stm32f767xx.o(.text)
    OTG_FS_WKUP_IRQHandler                   0x0800022b   Thumb Code     0  startup_stm32f767xx.o(.text)
    OTG_HS_EP1_IN_IRQHandler                 0x0800022b   Thumb Code     0  startup_stm32f767xx.o(.text)
    OTG_HS_EP1_OUT_IRQHandler                0x0800022b   Thumb Code     0  startup_stm32f767xx.o(.text)
    OTG_HS_IRQHandler                        0x0800022b   Thumb Code     0  startup_stm32f767xx.o(.text)
    OTG_HS_WKUP_IRQHandler                   0x0800022b   Thumb Code     0  startup_stm32f767xx.o(.text)
    PVD_IRQHandler                           0x0800022b   Thumb Code     0  startup_stm32f767xx.o(.text)
    QUADSPI_IRQHandler                       0x0800022b   Thumb Code     0  startup_stm32f767xx.o(.text)
    RCC_IRQHandler                           0x0800022b   Thumb Code     0  startup_stm32f767xx.o(.text)
    RNG_IRQHandler                           0x0800022b   Thumb Code     0  startup_stm32f767xx.o(.text)
    RTC_Alarm_IRQHandler                     0x0800022b   Thumb Code     0  startup_stm32f767xx.o(.text)
    RTC_WKUP_IRQHandler                      0x0800022b   Thumb Code     0  startup_stm32f767xx.o(.text)
    SAI1_IRQHandler                          0x0800022b   Thumb Code     0  startup_stm32f767xx.o(.text)
    SAI2_IRQHandler                          0x0800022b   Thumb Code     0  startup_stm32f767xx.o(.text)
    SDMMC1_IRQHandler                        0x0800022b   Thumb Code     0  startup_stm32f767xx.o(.text)
    SDMMC2_IRQHandler                        0x0800022b   Thumb Code     0  startup_stm32f767xx.o(.text)
    SPDIF_RX_IRQHandler                      0x0800022b   Thumb Code     0  startup_stm32f767xx.o(.text)
    SPI1_IRQHandler                          0x0800022b   Thumb Code     0  startup_stm32f767xx.o(.text)
    SPI2_IRQHandler                          0x0800022b   Thumb Code     0  startup_stm32f767xx.o(.text)
    SPI3_IRQHandler                          0x0800022b   Thumb Code     0  startup_stm32f767xx.o(.text)
    SPI4_IRQHandler                          0x0800022b   Thumb Code     0  startup_stm32f767xx.o(.text)
    SPI5_IRQHandler                          0x0800022b   Thumb Code     0  startup_stm32f767xx.o(.text)
    SPI6_IRQHandler                          0x0800022b   Thumb Code     0  startup_stm32f767xx.o(.text)
    TAMP_STAMP_IRQHandler                    0x0800022b   Thumb Code     0  startup_stm32f767xx.o(.text)
    TIM1_BRK_TIM9_IRQHandler                 0x0800022b   Thumb Code     0  startup_stm32f767xx.o(.text)
    TIM1_CC_IRQHandler                       0x0800022b   Thumb Code     0  startup_stm32f767xx.o(.text)
    TIM1_TRG_COM_TIM11_IRQHandler            0x0800022b   Thumb Code     0  startup_stm32f767xx.o(.text)
    TIM1_UP_TIM10_IRQHandler                 0x0800022b   Thumb Code     0  startup_stm32f767xx.o(.text)
    TIM2_IRQHandler                          0x0800022b   Thumb Code     0  startup_stm32f767xx.o(.text)
    TIM3_IRQHandler                          0x0800022b   Thumb Code     0  startup_stm32f767xx.o(.text)
    TIM5_IRQHandler                          0x0800022b   Thumb Code     0  startup_stm32f767xx.o(.text)
    TIM6_DAC_IRQHandler                      0x0800022b   Thumb Code     0  startup_stm32f767xx.o(.text)
    TIM7_IRQHandler                          0x0800022b   Thumb Code     0  startup_stm32f767xx.o(.text)
    TIM8_BRK_TIM12_IRQHandler                0x0800022b   Thumb Code     0  startup_stm32f767xx.o(.text)
    TIM8_CC_IRQHandler                       0x0800022b   Thumb Code     0  startup_stm32f767xx.o(.text)
    TIM8_TRG_COM_TIM14_IRQHandler            0x0800022b   Thumb Code     0  startup_stm32f767xx.o(.text)
    TIM8_UP_TIM13_IRQHandler                 0x0800022b   Thumb Code     0  startup_stm32f767xx.o(.text)
    UART4_IRQHandler                         0x0800022b   Thumb Code     0  startup_stm32f767xx.o(.text)
    UART5_IRQHandler                         0x0800022b   Thumb Code     0  startup_stm32f767xx.o(.text)
    UART7_IRQHandler                         0x0800022b   Thumb Code     0  startup_stm32f767xx.o(.text)
    UART8_IRQHandler                         0x0800022b   Thumb Code     0  startup_stm32f767xx.o(.text)
    USART1_IRQHandler                        0x0800022b   Thumb Code     0  startup_stm32f767xx.o(.text)
    USART2_IRQHandler                        0x0800022b   Thumb Code     0  startup_stm32f767xx.o(.text)
    USART3_IRQHandler                        0x0800022b   Thumb Code     0  startup_stm32f767xx.o(.text)
    USART6_IRQHandler                        0x0800022b   Thumb Code     0  startup_stm32f767xx.o(.text)
    WWDG_IRQHandler                          0x0800022b   Thumb Code     0  startup_stm32f767xx.o(.text)
    __aeabi_uldivmod                         0x08000235   Thumb Code    98  uldiv.o(.text)
    rand                                     0x08000299   Thumb Code    20  rand.o(.text)
    srand                                    0x080002ad   Thumb Code     6  rand.o(.text)
    __aeabi_memset                           0x080002bd   Thumb Code    14  memseta.o(.text)
    __aeabi_memset4                          0x080002bd   Thumb Code     0  memseta.o(.text)
    __aeabi_memset8                          0x080002bd   Thumb Code     0  memseta.o(.text)
    __aeabi_memclr                           0x080002cb   Thumb Code     4  memseta.o(.text)
    __aeabi_memclr4                          0x080002cb   Thumb Code     0  memseta.o(.text)
    __aeabi_memclr8                          0x080002cb   Thumb Code     0  memseta.o(.text)
    _memset$wrapper                          0x080002cf   Thumb Code    18  memseta.o(.text)
    strlen                                   0x080002e1   Thumb Code    14  strlen.o(.text)
    __cpp_initialize__aeabi_                 0x080002f1   Thumb Code    22  cpp_init.o(.text)
    __aeabi_uidiv                            0x08000311   Thumb Code     0  uidiv.o(.text)
    __aeabi_uidivmod                         0x08000311   Thumb Code    44  uidiv.o(.text)
    __aeabi_llsl                             0x0800033d   Thumb Code    30  llshl.o(.text)
    _ll_shift_l                              0x0800033d   Thumb Code     0  llshl.o(.text)
    __aeabi_llsr                             0x0800035b   Thumb Code    32  llushr.o(.text)
    _ll_ushift_r                             0x0800035b   Thumb Code     0  llushr.o(.text)
    __I$use$fp                               0x0800037b   Thumb Code     0  iusefp.o(.text)
    __aeabi_dadd                             0x0800037b   Thumb Code   322  dadd.o(.text)
    __aeabi_dsub                             0x080004bd   Thumb Code     6  dadd.o(.text)
    __aeabi_drsub                            0x080004c3   Thumb Code     6  dadd.o(.text)
    __aeabi_dmul                             0x080004c9   Thumb Code   228  dmul.o(.text)
    __aeabi_ddiv                             0x080005ad   Thumb Code   222  ddiv.o(.text)
    __aeabi_d2ulz                            0x0800068b   Thumb Code    48  dfixul.o(.text)
    __aeabi_cdrcmple                         0x080006bd   Thumb Code    48  cdrcmple.o(.text)
    __fp_status                              0x080006ed   Thumb Code     4  fpstat.o(.text)
    __ieee_status                            0x080006ed   Thumb Code     0  fpstat.o(.text)
    __scatterload                            0x080006f1   Thumb Code    28  init.o(.text)
    __scatterload_rt2                        0x080006f1   Thumb Code     0  init.o(.text)
    __aeabi_lasr                             0x08000715   Thumb Code    36  llsshr.o(.text)
    _ll_sshift_r                             0x08000715   Thumb Code     0  llsshr.o(.text)
    _double_round                            0x08000739   Thumb Code    30  depilogue.o(.text)
    _double_epilogue                         0x08000757   Thumb Code   156  depilogue.o(.text)
    ADC_IRQHandler                           0x080007f5   Thumb Code    18  stm32f7xx_it.o(i.ADC_IRQHandler)
    BusFault_Handler                         0x08000949   Thumb Code     2  stm32f7xx_it.o(i.BusFault_Handler)
    DMA2_Stream0_IRQHandler                  0x0800094d   Thumb Code     6  stm32f7xx_it.o(i.DMA2_Stream0_IRQHandler)
    DMA2_Stream1_IRQHandler                  0x08000959   Thumb Code     6  stm32f7xx_it.o(i.DMA2_Stream1_IRQHandler)
    DebugMon_Handler                         0x08000a09   Thumb Code     2  stm32f7xx_it.o(i.DebugMon_Handler)
    EXTI0_IRQHandler                         0x08000a0b   Thumb Code     6  stm32f7xx_it.o(i.EXTI0_IRQHandler)
    EXTI1_IRQHandler                         0x08000a11   Thumb Code     6  stm32f7xx_it.o(i.EXTI1_IRQHandler)
    Error_Handler                            0x08000a17   Thumb Code     2  main_1.o(i.Error_Handler)
    HAL_ADCEx_InjectedConvCpltCallback       0x08000a19   Thumb Code     2  stm32f7xx_hal_adc_ex.o(i.HAL_ADCEx_InjectedConvCpltCallback)
    HAL_ADC_ConfigChannel                    0x08000a1d   Thumb Code   338  stm32f7xx_hal_adc.o(i.HAL_ADC_ConfigChannel)
    HAL_ADC_ConvCpltCallback                 0x08000b81   Thumb Code    24  main_1.o(i.HAL_ADC_ConvCpltCallback)
    HAL_ADC_ErrorCallback                    0x08000ba1   Thumb Code     2  stm32f7xx_hal_adc.o(i.HAL_ADC_ErrorCallback)
    HAL_ADC_GetValue                         0x08000ba3   Thumb Code     6  stm32f7xx_hal_adc.o(i.HAL_ADC_GetValue)
    HAL_ADC_IRQHandler                       0x08000ba9   Thumb Code   316  stm32f7xx_hal_adc.o(i.HAL_ADC_IRQHandler)
    HAL_ADC_Init                             0x08000ce5   Thumb Code    84  stm32f7xx_hal_adc.o(i.HAL_ADC_Init)
    HAL_ADC_LevelOutOfWindowCallback         0x08000d39   Thumb Code     2  stm32f7xx_hal_adc.o(i.HAL_ADC_LevelOutOfWindowCallback)
    HAL_ADC_MspInit                          0x08000d3d   Thumb Code   218  adc.o(i.HAL_ADC_MspInit)
    HAL_ADC_Start                            0x08000e31   Thumb Code   208  stm32f7xx_hal_adc.o(i.HAL_ADC_Start)
    HAL_ADC_Start_IT                         0x08000f11   Thumb Code   218  stm32f7xx_hal_adc.o(i.HAL_ADC_Start_IT)
    HAL_DMA_Abort_IT                         0x08001001   Thumb Code    36  stm32f7xx_hal_dma.o(i.HAL_DMA_Abort_IT)
    HAL_DMA_IRQHandler                       0x08001025   Thumb Code   412  stm32f7xx_hal_dma.o(i.HAL_DMA_IRQHandler)
    HAL_DMA_Init                             0x080011c5   Thumb Code   222  stm32f7xx_hal_dma.o(i.HAL_DMA_Init)
    HAL_DMA_Start_IT                         0x080012a9   Thumb Code   122  stm32f7xx_hal_dma.o(i.HAL_DMA_Start_IT)
    HAL_Delay                                0x08001325   Thumb Code    32  stm32f7xx_hal.o(i.HAL_Delay)
    HAL_GPIO_EXTI_Callback                   0x08001349   Thumb Code   382  main_1.o(i.HAL_GPIO_EXTI_Callback)
    HAL_GPIO_EXTI_IRQHandler                 0x080014fd   Thumb Code    18  stm32f7xx_hal_gpio.o(i.HAL_GPIO_EXTI_IRQHandler)
    HAL_GPIO_Init                            0x08001515   Thumb Code   418  stm32f7xx_hal_gpio.o(i.HAL_GPIO_Init)
    HAL_GPIO_WritePin                        0x080016ed   Thumb Code    10  stm32f7xx_hal_gpio.o(i.HAL_GPIO_WritePin)
    HAL_GetTick                              0x080016f9   Thumb Code     6  stm32f7xx_hal.o(i.HAL_GetTick)
    HAL_IncTick                              0x08001705   Thumb Code    12  stm32f7xx_hal.o(i.HAL_IncTick)
    HAL_Init                                 0x08001715   Thumb Code    22  stm32f7xx_hal.o(i.HAL_Init)
    HAL_InitTick                             0x0800172d   Thumb Code    54  stm32f7xx_hal.o(i.HAL_InitTick)
    HAL_MspInit                              0x0800176d   Thumb Code    48  stm32f7xx_hal_msp.o(i.HAL_MspInit)
    HAL_NVIC_EnableIRQ                       0x080017a1   Thumb Code    26  stm32f7xx_hal_cortex.o(i.HAL_NVIC_EnableIRQ)
    HAL_NVIC_SetPriority                     0x080017bd   Thumb Code    60  stm32f7xx_hal_cortex.o(i.HAL_NVIC_SetPriority)
    HAL_NVIC_SetPriorityGrouping             0x080017fd   Thumb Code    28  stm32f7xx_hal_cortex.o(i.HAL_NVIC_SetPriorityGrouping)
    HAL_PWREx_EnableOverDrive                0x08001821   Thumb Code   100  stm32f7xx_hal_pwr_ex.o(i.HAL_PWREx_EnableOverDrive)
    HAL_RCCEx_PeriphCLKConfig                0x0800188d   Thumb Code  1336  stm32f7xx_hal_rcc_ex.o(i.HAL_RCCEx_PeriphCLKConfig)
    HAL_RCC_ClockConfig                      0x08001dc9   Thumb Code   282  stm32f7xx_hal_rcc.o(i.HAL_RCC_ClockConfig)
    HAL_RCC_GetPCLK1Freq                     0x08001ef5   Thumb Code    20  stm32f7xx_hal_rcc.o(i.HAL_RCC_GetPCLK1Freq)
    HAL_RCC_GetPCLK2Freq                     0x08001f15   Thumb Code    20  stm32f7xx_hal_rcc.o(i.HAL_RCC_GetPCLK2Freq)
    HAL_RCC_GetSysClockFreq                  0x08001f35   Thumb Code    88  stm32f7xx_hal_rcc.o(i.HAL_RCC_GetSysClockFreq)
    HAL_RCC_OscConfig                        0x08001f99   Thumb Code   814  stm32f7xx_hal_rcc.o(i.HAL_RCC_OscConfig)
    HAL_SYSTICK_Config                       0x080022d5   Thumb Code    38  stm32f7xx_hal_cortex.o(i.HAL_SYSTICK_Config)
    HAL_TIMEx_Break2Callback                 0x080022fb   Thumb Code     2  stm32f7xx_hal_tim_ex.o(i.HAL_TIMEx_Break2Callback)
    HAL_TIMEx_BreakCallback                  0x080022fd   Thumb Code     2  stm32f7xx_hal_tim_ex.o(i.HAL_TIMEx_BreakCallback)
    HAL_TIMEx_CommutCallback                 0x080022ff   Thumb Code     2  stm32f7xx_hal_tim_ex.o(i.HAL_TIMEx_CommutCallback)
    HAL_TIMEx_ConfigBreakDeadTime            0x08002301   Thumb Code   150  stm32f7xx_hal_tim_ex.o(i.HAL_TIMEx_ConfigBreakDeadTime)
    HAL_TIMEx_MasterConfigSynchronization    0x080023a1   Thumb Code    88  stm32f7xx_hal_tim_ex.o(i.HAL_TIMEx_MasterConfigSynchronization)
    HAL_TIM_Base_Init                        0x08002401   Thumb Code    54  stm32f7xx_hal_tim.o(i.HAL_TIM_Base_Init)
    HAL_TIM_Base_MspInit                     0x08002439   Thumb Code    72  tim.o(i.HAL_TIM_Base_MspInit)
    HAL_TIM_Base_Start                       0x08002489   Thumb Code    42  stm32f7xx_hal_tim.o(i.HAL_TIM_Base_Start)
    HAL_TIM_Base_Start_IT                    0x080024b9   Thumb Code    40  stm32f7xx_hal_tim.o(i.HAL_TIM_Base_Start_IT)
    HAL_TIM_ConfigClockSource                0x080024e5   Thumb Code   214  stm32f7xx_hal_tim.o(i.HAL_TIM_ConfigClockSource)
    HAL_TIM_ErrorCallback                    0x080025c1   Thumb Code     2  stm32f7xx_hal_tim.o(i.HAL_TIM_ErrorCallback)
    HAL_TIM_IC_CaptureCallback               0x080025c3   Thumb Code     2  stm32f7xx_hal_tim.o(i.HAL_TIM_IC_CaptureCallback)
    HAL_TIM_IRQHandler                       0x080025c5   Thumb Code   386  stm32f7xx_hal_tim.o(i.HAL_TIM_IRQHandler)
    HAL_TIM_MspPostInit                      0x08002749   Thumb Code    72  tim.o(i.HAL_TIM_MspPostInit)
    HAL_TIM_OC_DelayElapsedCallback          0x0800279d   Thumb Code     2  stm32f7xx_hal_tim.o(i.HAL_TIM_OC_DelayElapsedCallback)
    HAL_TIM_PWM_ConfigChannel                0x0800279f   Thumb Code   296  stm32f7xx_hal_tim.o(i.HAL_TIM_PWM_ConfigChannel)
    HAL_TIM_PWM_Init                         0x080028c7   Thumb Code    54  stm32f7xx_hal_tim.o(i.HAL_TIM_PWM_Init)
    HAL_TIM_PWM_MspInit                      0x080028fd   Thumb Code    98  tim.o(i.HAL_TIM_PWM_MspInit)
    HAL_TIM_PWM_PulseFinishedCallback        0x08002971   Thumb Code     2  stm32f7xx_hal_tim.o(i.HAL_TIM_PWM_PulseFinishedCallback)
    HAL_TIM_PWM_PulseFinishedHalfCpltCallback 0x08002973   Thumb Code     2  stm32f7xx_hal_tim.o(i.HAL_TIM_PWM_PulseFinishedHalfCpltCallback)
    HAL_TIM_PWM_Start_DMA                    0x08002975   Thumb Code   274  stm32f7xx_hal_tim.o(i.HAL_TIM_PWM_Start_DMA)
    HAL_TIM_PWM_Stop_DMA                     0x08002aa1   Thumb Code   156  stm32f7xx_hal_tim.o(i.HAL_TIM_PWM_Stop_DMA)
    HAL_TIM_PeriodElapsedCallback            0x08002b45   Thumb Code     2  stm32f7xx_hal_tim.o(i.HAL_TIM_PeriodElapsedCallback)
    HAL_TIM_TriggerCallback                  0x08002b47   Thumb Code     2  stm32f7xx_hal_tim.o(i.HAL_TIM_TriggerCallback)
    HAL_UART_Init                            0x08002b49   Thumb Code   102  stm32f7xx_hal_uart.o(i.HAL_UART_Init)
    HAL_UART_MspInit                         0x08002bb1   Thumb Code    88  usart.o(i.HAL_UART_MspInit)
    HAL_UART_Transmit                        0x08002c15   Thumb Code   182  stm32f7xx_hal_uart.o(i.HAL_UART_Transmit)
    HardFault_Handler                        0x08002ccb   Thumb Code     2  stm32f7xx_it.o(i.HardFault_Handler)
    MX_ADC1_Init                             0x08002ccd   Thumb Code    92  adc.o(i.MX_ADC1_Init)
    MX_ADC2_Init                             0x08002d31   Thumb Code    84  adc.o(i.MX_ADC2_Init)
    MX_DMA_Init                              0x08002d91   Thumb Code    56  dma.o(i.MX_DMA_Init)
    MX_GPIO_Init                             0x08002dcd   Thumb Code   274  gpio.o(i.MX_GPIO_Init)
    MX_TIM1_Init                             0x08002ef9   Thumb Code   162  tim.o(i.MX_TIM1_Init)
    MX_TIM2_Init                             0x08002fa5   Thumb Code   100  tim.o(i.MX_TIM2_Init)
    MX_TIM4_Init                             0x0800300d   Thumb Code    96  tim.o(i.MX_TIM4_Init)
    MX_USART3_UART_Init                      0x08003075   Thumb Code    52  usart.o(i.MX_USART3_UART_Init)
    MemManage_Handler                        0x080030b1   Thumb Code     2  stm32f7xx_it.o(i.MemManage_Handler)
    NMI_Handler                              0x080030b3   Thumb Code     2  stm32f7xx_it.o(i.NMI_Handler)
    PendSV_Handler                           0x080030b5   Thumb Code     2  stm32f7xx_it.o(i.PendSV_Handler)
    SVC_Handler                              0x080030b7   Thumb Code     2  stm32f7xx_it.o(i.SVC_Handler)
    SysTick_Handler                          0x080030b9   Thumb Code     4  stm32f7xx_it.o(i.SysTick_Handler)
    SystemInit                               0x080030bd   Thumb Code    68  system_stm32f7xx.o(i.SystemInit)
    TIM4_IRQHandler                          0x08003111   Thumb Code    18  stm32f7xx_it.o(i.TIM4_IRQHandler)
    TIM_Base_SetConfig                       0x0800312d   Thumb Code   158  stm32f7xx_hal_tim.o(i.TIM_Base_SetConfig)
    TIM_CCxChannelCmd                        0x080031f9   Thumb Code    26  stm32f7xx_hal_tim.o(i.TIM_CCxChannelCmd)
    TIM_DMADelayPulseCplt                    0x08003213   Thumb Code    62  stm32f7xx_hal_tim.o(i.TIM_DMADelayPulseCplt)
    TIM_DMADelayPulseHalfCplt                0x08003251   Thumb Code    62  stm32f7xx_hal_tim.o(i.TIM_DMADelayPulseHalfCplt)
    TIM_DMAError                             0x0800328f   Thumb Code    16  stm32f7xx_hal_tim.o(i.TIM_DMAError)
    TIM_ETR_SetConfig                        0x0800329f   Thumb Code    18  stm32f7xx_hal_tim.o(i.TIM_ETR_SetConfig)
    TIM_OC2_SetConfig                        0x08003335   Thumb Code   108  stm32f7xx_hal_tim.o(i.TIM_OC2_SetConfig)
    UART_AdvFeatureConfig                    0x08003573   Thumb Code   200  stm32f7xx_hal_uart.o(i.UART_AdvFeatureConfig)
    UART_CheckIdleState                      0x0800363b   Thumb Code    60  stm32f7xx_hal_uart.o(i.UART_CheckIdleState)
    UART_SetConfig                           0x08003679   Thumb Code   546  stm32f7xx_hal_uart.o(i.UART_SetConfig)
    UART_WaitOnFlagUntilTimeout              0x080038cd   Thumb Code    96  stm32f7xx_hal_uart.o(i.UART_WaitOnFlagUntilTimeout)
    UsageFault_Handler                       0x0800392d   Thumb Code     2  stm32f7xx_it.o(i.UsageFault_Handler)
    displayHEX(unsigned)                     0x08003931   Thumb Code   132  main_1.o(i._Z10displayHEXj)
    displayVOL(unsigned)                     0x080039c1   Thumb Code   164  main_1.o(i._Z10displayVOLj)
    randomColor()                            0x08003a85   Thumb Code    78  main_1.o(i._Z11randomColorv)
    loopPalette2(unsigned char(*)[3])        0x08003add   Thumb Code    88  main_1.o(i._Z12loopPalette2PA3_h)
    randomNumber(unsigned char, unsigned char) 0x08003b3d   Thumb Code    28  main_1.o(i._Z12randomNumberhh)
    strobeGradient()                         0x08003b59   Thumb Code   116  main_1.o(i._Z14strobeGradientv)
    rainbowGradient()                        0x08003bd5   Thumb Code    86  main_1.o(i._Z15rainbowGradientv)
    SystemClock_Config()                     0x08003cbd   Thumb Code   148  main_1.o(i._Z18SystemClock_Configv)
    Wheel(unsigned char)                     0x08003d59   Thumb Code    72  main_1.o(i._Z5Wheelh)
    musicRow(unsigned char*)                 0x08003da1   Thumb Code   106  main_1.o(i._Z8musicRowPh)
    set_Freq(double*)                        0x08003e15   Thumb Code   988  main_1.o(i._Z8set_FreqPd)
    wheelAll()                               0x080042b5   Thumb Code    72  main_1.o(i._Z8wheelAllv)
    set_speed(unsigned)                      0x08004305   Thumb Code   252  main_1.o(i._Z9set_speedj)
    WSLED::led_display()                     0x08004445   Thumb Code    56  ws2812b.o(i._ZN5WSLED11led_displayEv)
    WSLED::led_set_color(unsigned, unsigned char, unsigned char, unsigned char) 0x0800447d   Thumb Code    28  ws2812b.o(i._ZN5WSLED13led_set_colorEjhhh)
    WSLED::led_set_color_all(unsigned char, unsigned char, unsigned char) 0x08004499   Thumb Code    26  ws2812b.o(i._ZN5WSLED17led_set_color_allEhhh)
    WSLED::led_set_color_rgb(unsigned, unsigned) 0x080044b3   Thumb Code    32  ws2812b.o(i._ZN5WSLED17led_set_color_rgbEjj)
    WSLED::led_fill_led_pwm_data(unsigned)   0x080044d3   Thumb Code    94  ws2812b.o(i._ZN5WSLED21led_fill_led_pwm_dataEj)
    WSLED::led_set_color_all_rgb(unsigned)   0x08004531   Thumb Code    38  ws2812b.o(i._ZN5WSLED21led_set_color_all_rgbEj)
    WSLED::led_init()                        0x08004559   Thumb Code    16  ws2812b.o(i._ZN5WSLED8led_initEv)
    WSLED::WSLED()                           0x0800456d   Thumb Code    24  ws2812b.o(i._ZN5WSLEDC1Ev)
    WSLED::WSLED__sub_object()               0x0800456d   Thumb Code     0  ws2812b.o(i._ZN5WSLEDC1Ev)
    std::pow(float, float)                   0x08004585   Thumb Code     4  main_1.o(i._ZSt3powff)
    __0sprintf                               0x08004589   Thumb Code    34  printfa.o(i.__0sprintf)
    __1sprintf                               0x08004589   Thumb Code     0  printfa.o(i.__0sprintf)
    __2sprintf                               0x08004589   Thumb Code     0  printfa.o(i.__0sprintf)
    __c89sprintf                             0x08004589   Thumb Code     0  printfa.o(i.__0sprintf)
    sprintf                                  0x08004589   Thumb Code     0  printfa.o(i.__0sprintf)
    __ARM_fpclassifyf                        0x080045b1   Thumb Code    38  fpclassifyf.o(i.__ARM_fpclassifyf)
    __hardfp_powf                            0x080045f9   Thumb Code  1590  powf.o(i.__hardfp_powf)
    __mathlib_powf                           0x080045f9   Thumb Code     0  powf.o(i.__hardfp_powf)
    __mathlib_flt_divzero                    0x08004c51   Thumb Code    14  funder.o(i.__mathlib_flt_divzero)
    __mathlib_flt_infnan2                    0x08004c69   Thumb Code     6  funder.o(i.__mathlib_flt_infnan2)
    __mathlib_flt_invalid                    0x08004c71   Thumb Code    10  funder.o(i.__mathlib_flt_invalid)
    __mathlib_flt_overflow                   0x08004c81   Thumb Code    10  funder.o(i.__mathlib_flt_overflow)
    __mathlib_flt_underflow                  0x08004c91   Thumb Code    10  funder.o(i.__mathlib_flt_underflow)
    __scatterload_copy                       0x08004ca1   Thumb Code    14  handlers.o(i.__scatterload_copy)
    __scatterload_null                       0x08004caf   Thumb Code     2  handlers.o(i.__scatterload_null)
    __scatterload_zeroinit                   0x08004cb1   Thumb Code    14  handlers.o(i.__scatterload_zeroinit)
    __set_errno                              0x08004cc1   Thumb Code     6  errno.o(i.__set_errno)
    main                                     0x08005595   Thumb Code   346  main_1.o(i.main)
    spectrum_ANALYZER                        0x08005715   Thumb Code   152  main_1.o(i.spectrum_ANALYZER)
    AHBPrescTable                            0x080057bc   Data          16  system_stm32f7xx.o(.constdata)
    APBPrescTable                            0x080057cc   Data           8  system_stm32f7xx.o(.constdata)
    Region$$Table$$Base                      0x08005914   Number         0  anon$$obj.o(Region$$Table)
    Region$$Table$$Limit                     0x08005934   Number         0  anon$$obj.o(Region$$Table)
    SHT$$INIT_ARRAY$$Base                    0x08005934   Number         0  main_1.o(.init_array)
    SHT$$INIT_ARRAY$$Limit                   0x08005938   Number         0  cpp_init.o(.init_array)
    flag_stop                                0x20000000   Data           1  main_1.o(.data)
    flag_music                               0x20000001   Data           1  main_1.o(.data)
    FREQ                                     0x20000002   Data           1  main_1.o(.data)
    randomFreq                               0x20000003   Data           1  main_1.o(.data)
    musicColor                               0x20000004   Data           3  main_1.o(.data)
    mode                                     0x20000008   Data           4  main_1.o(.data)
    speed                                    0x2000000c   Data           4  main_1.o(.data)
    palette_A                                0x20000010   Data          18  main_1.o(.data)
    uwTickFreq                               0x20000024   Data           1  stm32f7xx_hal.o(.data)
    uwTickPrio                               0x20000028   Data           4  stm32f7xx_hal.o(.data)
    uwTick                                   0x2000002c   Data           4  stm32f7xx_hal.o(.data)
    SystemCoreClock                          0x20000030   Data           4  system_stm32f7xx.o(.data)
    wsled                                    0x2000003c   Data        5080  main_1.o(.bss)
    hadc1                                    0x20001414   Data          72  adc.o(.bss)
    hadc2                                    0x2000145c   Data          72  adc.o(.bss)
    hdma_adc1                                0x200014a4   Data          96  adc.o(.bss)
    htim1                                    0x20001504   Data          64  tim.o(.bss)
    htim2                                    0x20001544   Data          64  tim.o(.bss)
    htim4                                    0x20001584   Data          64  tim.o(.bss)
    hdma_tim1_ch1                            0x200015c4   Data          96  tim.o(.bss)
    huart3                                   0x20001624   Data         128  usart.o(.bss)
    __initial_sp                             0x20001aa8   Data           0  startup_stm32f767xx.o(STACK)



==============================================================================

Memory Map of the image

  Image Entry point : 0x080001f9

  Load Region LR_IROM1 (Base: 0x08000000, Size: 0x00005974, Max: 0x00200000, ABSOLUTE)

    Execution Region ER_IROM1 (Exec base: 0x08000000, Load base: 0x08000000, Size: 0x00005938, Max: 0x00200000, ABSOLUTE)

    Exec Addr    Load Addr    Size         Type   Attr      Idx    E Section Name        Object

    0x08000000   0x08000000   0x000001f8   Data   RO            3    RESET               startup_stm32f767xx.o
    0x080001f8   0x080001f8   0x00000000   Code   RO         4269  * .ARM.Collect$$$$00000000  mc_w.l(entry.o)
    0x080001f8   0x080001f8   0x00000004   Code   RO         4563    .ARM.Collect$$$$00000001  mc_w.l(entry2.o)
    0x080001fc   0x080001fc   0x00000004   Code   RO         4566    .ARM.Collect$$$$00000004  mc_w.l(entry5.o)
    0x08000200   0x08000200   0x00000000   Code   RO         4568    .ARM.Collect$$$$00000008  mc_w.l(entry7b.o)
    0x08000200   0x08000200   0x00000004   Code   RO         4569    .ARM.Collect$$$$00000009  mc_w.l(entry8a.o)
    0x08000204   0x08000204   0x00000000   Code   RO         4570    .ARM.Collect$$$$0000000A  mc_w.l(entry8b.o)
    0x08000204   0x08000204   0x00000008   Code   RO         4571    .ARM.Collect$$$$0000000B  mc_w.l(entry9a.o)
    0x0800020c   0x0800020c   0x00000000   Code   RO         4573    .ARM.Collect$$$$0000000D  mc_w.l(entry10a.o)
    0x0800020c   0x0800020c   0x00000000   Code   RO         4575    .ARM.Collect$$$$0000000F  mc_w.l(entry11a.o)
    0x0800020c   0x0800020c   0x00000004   Code   RO         4564    .ARM.Collect$$$$00002712  mc_w.l(entry2.o)
    0x08000210   0x08000210   0x00000024   Code   RO            4    .text               startup_stm32f767xx.o
    0x08000234   0x08000234   0x00000062   Code   RO         4272    .text               mc_w.l(uldiv.o)
    0x08000296   0x08000296   0x00000002   PAD
    0x08000298   0x08000298   0x00000024   Code   RO         4274    .text               mc_w.l(rand.o)
    0x080002bc   0x080002bc   0x00000024   Code   RO         4277    .text               mc_w.l(memseta.o)
    0x080002e0   0x080002e0   0x0000000e   Code   RO         4279    .text               mc_w.l(strlen.o)
    0x080002ee   0x080002ee   0x00000002   PAD
    0x080002f0   0x080002f0   0x00000020   Code   RO         4545    .text               mc_w.l(cpp_init.o)
    0x08000310   0x08000310   0x0000002c   Code   RO         4580    .text               mc_w.l(uidiv.o)
    0x0800033c   0x0800033c   0x0000001e   Code   RO         4582    .text               mc_w.l(llshl.o)
    0x0800035a   0x0800035a   0x00000020   Code   RO         4584    .text               mc_w.l(llushr.o)
    0x0800037a   0x0800037a   0x00000000   Code   RO         4593    .text               mc_w.l(iusefp.o)
    0x0800037a   0x0800037a   0x0000014e   Code   RO         4594    .text               mf_w.l(dadd.o)
    0x080004c8   0x080004c8   0x000000e4   Code   RO         4596    .text               mf_w.l(dmul.o)
    0x080005ac   0x080005ac   0x000000de   Code   RO         4598    .text               mf_w.l(ddiv.o)
    0x0800068a   0x0800068a   0x00000030   Code   RO         4600    .text               mf_w.l(dfixul.o)
    0x080006ba   0x080006ba   0x00000002   PAD
    0x080006bc   0x080006bc   0x00000030   Code   RO         4602    .text               mf_w.l(cdrcmple.o)
    0x080006ec   0x080006ec   0x00000004   Code   RO         4604    .text               mf_w.l(fpstat.o)
    0x080006f0   0x080006f0   0x00000024   Code   RO         4606    .text               mc_w.l(init.o)
    0x08000714   0x08000714   0x00000024   Code   RO         4609    .text               mc_w.l(llsshr.o)
    0x08000738   0x08000738   0x000000ba   Code   RO         4612    .text               mf_w.l(depilogue.o)
    0x080007f2   0x080007f2   0x00000002   PAD
    0x080007f4   0x080007f4   0x0000001c   Code   RO          682    i.ADC_IRQHandler    stm32f7xx_it.o
    0x08000810   0x08000810   0x00000138   Code   RO          821    i.ADC_Init          stm32f7xx_hal_adc.o
    0x08000948   0x08000948   0x00000002   Code   RO          683    i.BusFault_Handler  stm32f7xx_it.o
    0x0800094a   0x0800094a   0x00000002   PAD
    0x0800094c   0x0800094c   0x0000000c   Code   RO          684    i.DMA2_Stream0_IRQHandler  stm32f7xx_it.o
    0x08000958   0x08000958   0x0000000c   Code   RO          685    i.DMA2_Stream1_IRQHandler  stm32f7xx_it.o
    0x08000964   0x08000964   0x00000028   Code   RO         2980    i.DMA_CalcBaseAndBitshift  stm32f7xx_hal_dma.o
    0x0800098c   0x0800098c   0x00000054   Code   RO         2981    i.DMA_CheckFifoParam  stm32f7xx_hal_dma.o
    0x080009e0   0x080009e0   0x00000028   Code   RO         2982    i.DMA_SetConfig     stm32f7xx_hal_dma.o
    0x08000a08   0x08000a08   0x00000002   Code   RO          686    i.DebugMon_Handler  stm32f7xx_it.o
    0x08000a0a   0x08000a0a   0x00000006   Code   RO          687    i.EXTI0_IRQHandler  stm32f7xx_it.o
    0x08000a10   0x08000a10   0x00000006   Code   RO          688    i.EXTI1_IRQHandler  stm32f7xx_it.o
    0x08000a16   0x08000a16   0x00000002   Code   RO           13    i.Error_Handler     main_1.o
    0x08000a18   0x08000a18   0x00000002   Code   RO          992    i.HAL_ADCEx_InjectedConvCpltCallback  stm32f7xx_hal_adc_ex.o
    0x08000a1a   0x08000a1a   0x00000002   PAD
    0x08000a1c   0x08000a1c   0x00000164   Code   RO          823    i.HAL_ADC_ConfigChannel  stm32f7xx_hal_adc.o
    0x08000b80   0x08000b80   0x00000020   Code   RO           14    i.HAL_ADC_ConvCpltCallback  main_1.o
    0x08000ba0   0x08000ba0   0x00000002   Code   RO          827    i.HAL_ADC_ErrorCallback  stm32f7xx_hal_adc.o
    0x08000ba2   0x08000ba2   0x00000006   Code   RO          830    i.HAL_ADC_GetValue  stm32f7xx_hal_adc.o
    0x08000ba8   0x08000ba8   0x0000013c   Code   RO          831    i.HAL_ADC_IRQHandler  stm32f7xx_hal_adc.o
    0x08000ce4   0x08000ce4   0x00000054   Code   RO          832    i.HAL_ADC_Init      stm32f7xx_hal_adc.o
    0x08000d38   0x08000d38   0x00000002   Code   RO          833    i.HAL_ADC_LevelOutOfWindowCallback  stm32f7xx_hal_adc.o
    0x08000d3a   0x08000d3a   0x00000002   PAD
    0x08000d3c   0x08000d3c   0x000000f4   Code   RO          494    i.HAL_ADC_MspInit   adc.o
    0x08000e30   0x08000e30   0x000000e0   Code   RO          838    i.HAL_ADC_Start     stm32f7xx_hal_adc.o
    0x08000f10   0x08000f10   0x000000f0   Code   RO          840    i.HAL_ADC_Start_IT  stm32f7xx_hal_adc.o
    0x08001000   0x08001000   0x00000024   Code   RO         2984    i.HAL_DMA_Abort_IT  stm32f7xx_hal_dma.o
    0x08001024   0x08001024   0x000001a0   Code   RO         2988    i.HAL_DMA_IRQHandler  stm32f7xx_hal_dma.o
    0x080011c4   0x080011c4   0x000000e4   Code   RO         2989    i.HAL_DMA_Init      stm32f7xx_hal_dma.o
    0x080012a8   0x080012a8   0x0000007a   Code   RO         2993    i.HAL_DMA_Start_IT  stm32f7xx_hal_dma.o
    0x08001322   0x08001322   0x00000002   PAD
    0x08001324   0x08001324   0x00000024   Code   RO         3350    i.HAL_Delay         stm32f7xx_hal.o
    0x08001348   0x08001348   0x000001b4   Code   RO           15    i.HAL_GPIO_EXTI_Callback  main_1.o
    0x080014fc   0x080014fc   0x00000018   Code   RO         2916    i.HAL_GPIO_EXTI_IRQHandler  stm32f7xx_hal_gpio.o
    0x08001514   0x08001514   0x000001d8   Code   RO         2917    i.HAL_GPIO_Init     stm32f7xx_hal_gpio.o
    0x080016ec   0x080016ec   0x0000000a   Code   RO         2921    i.HAL_GPIO_WritePin  stm32f7xx_hal_gpio.o
    0x080016f6   0x080016f6   0x00000002   PAD
    0x080016f8   0x080016f8   0x0000000c   Code   RO         3360    i.HAL_GetTick       stm32f7xx_hal.o
    0x08001704   0x08001704   0x00000010   Code   RO         3366    i.HAL_IncTick       stm32f7xx_hal.o
    0x08001714   0x08001714   0x00000016   Code   RO         3367    i.HAL_Init          stm32f7xx_hal.o
    0x0800172a   0x0800172a   0x00000002   PAD
    0x0800172c   0x0800172c   0x00000040   Code   RO         3368    i.HAL_InitTick      stm32f7xx_hal.o
    0x0800176c   0x0800176c   0x00000034   Code   RO          794    i.HAL_MspInit       stm32f7xx_hal_msp.o
    0x080017a0   0x080017a0   0x0000001a   Code   RO         1098    i.HAL_NVIC_EnableIRQ  stm32f7xx_hal_cortex.o
    0x080017ba   0x080017ba   0x00000002   PAD
    0x080017bc   0x080017bc   0x00000040   Code   RO         1104    i.HAL_NVIC_SetPriority  stm32f7xx_hal_cortex.o
    0x080017fc   0x080017fc   0x00000024   Code   RO         1105    i.HAL_NVIC_SetPriorityGrouping  stm32f7xx_hal_cortex.o
    0x08001820   0x08001820   0x0000006c   Code   RO         3257    i.HAL_PWREx_EnableOverDrive  stm32f7xx_hal_pwr_ex.o
    0x0800188c   0x0800188c   0x0000053c   Code   RO         2678    i.HAL_RCCEx_PeriphCLKConfig  stm32f7xx_hal_rcc_ex.o
    0x08001dc8   0x08001dc8   0x0000012c   Code   RO         2571    i.HAL_RCC_ClockConfig  stm32f7xx_hal_rcc.o
    0x08001ef4   0x08001ef4   0x00000020   Code   RO         2578    i.HAL_RCC_GetPCLK1Freq  stm32f7xx_hal_rcc.o
    0x08001f14   0x08001f14   0x00000020   Code   RO         2579    i.HAL_RCC_GetPCLK2Freq  stm32f7xx_hal_rcc.o
    0x08001f34   0x08001f34   0x00000064   Code   RO         2580    i.HAL_RCC_GetSysClockFreq  stm32f7xx_hal_rcc.o
    0x08001f98   0x08001f98   0x0000033c   Code   RO         2583    i.HAL_RCC_OscConfig  stm32f7xx_hal_rcc.o
    0x080022d4   0x080022d4   0x00000026   Code   RO         1109    i.HAL_SYSTICK_Config  stm32f7xx_hal_cortex.o
    0x080022fa   0x080022fa   0x00000002   Code   RO         1915    i.HAL_TIMEx_Break2Callback  stm32f7xx_hal_tim_ex.o
    0x080022fc   0x080022fc   0x00000002   Code   RO         1916    i.HAL_TIMEx_BreakCallback  stm32f7xx_hal_tim_ex.o
    0x080022fe   0x080022fe   0x00000002   Code   RO         1917    i.HAL_TIMEx_CommutCallback  stm32f7xx_hal_tim_ex.o
    0x08002300   0x08002300   0x000000a0   Code   RO         1919    i.HAL_TIMEx_ConfigBreakDeadTime  stm32f7xx_hal_tim_ex.o
    0x080023a0   0x080023a0   0x00000060   Code   RO         1936    i.HAL_TIMEx_MasterConfigSynchronization  stm32f7xx_hal_tim_ex.o
    0x08002400   0x08002400   0x00000036   Code   RO         1230    i.HAL_TIM_Base_Init  stm32f7xx_hal_tim.o
    0x08002436   0x08002436   0x00000002   PAD
    0x08002438   0x08002438   0x00000050   Code   RO          569    i.HAL_TIM_Base_MspInit  tim.o
    0x08002488   0x08002488   0x00000030   Code   RO         1233    i.HAL_TIM_Base_Start  stm32f7xx_hal_tim.o
    0x080024b8   0x080024b8   0x0000002c   Code   RO         1235    i.HAL_TIM_Base_Start_IT  stm32f7xx_hal_tim.o
    0x080024e4   0x080024e4   0x000000dc   Code   RO         1239    i.HAL_TIM_ConfigClockSource  stm32f7xx_hal_tim.o
    0x080025c0   0x080025c0   0x00000002   Code   RO         1257    i.HAL_TIM_ErrorCallback  stm32f7xx_hal_tim.o
    0x080025c2   0x080025c2   0x00000002   Code   RO         1259    i.HAL_TIM_IC_CaptureCallback  stm32f7xx_hal_tim.o
    0x080025c4   0x080025c4   0x00000182   Code   RO         1273    i.HAL_TIM_IRQHandler  stm32f7xx_hal_tim.o
    0x08002746   0x08002746   0x00000002   PAD
    0x08002748   0x08002748   0x00000054   Code   RO          570    i.HAL_TIM_MspPostInit  tim.o
    0x0800279c   0x0800279c   0x00000002   Code   RO         1276    i.HAL_TIM_OC_DelayElapsedCallback  stm32f7xx_hal_tim.o
    0x0800279e   0x0800279e   0x00000128   Code   RO         1297    i.HAL_TIM_PWM_ConfigChannel  stm32f7xx_hal_tim.o
    0x080028c6   0x080028c6   0x00000036   Code   RO         1300    i.HAL_TIM_PWM_Init  stm32f7xx_hal_tim.o
    0x080028fc   0x080028fc   0x00000074   Code   RO          572    i.HAL_TIM_PWM_MspInit  tim.o
    0x08002970   0x08002970   0x00000002   Code   RO         1303    i.HAL_TIM_PWM_PulseFinishedCallback  stm32f7xx_hal_tim.o
    0x08002972   0x08002972   0x00000002   Code   RO         1304    i.HAL_TIM_PWM_PulseFinishedHalfCpltCallback  stm32f7xx_hal_tim.o
    0x08002974   0x08002974   0x0000012c   Code   RO         1306    i.HAL_TIM_PWM_Start_DMA  stm32f7xx_hal_tim.o
    0x08002aa0   0x08002aa0   0x000000a4   Code   RO         1309    i.HAL_TIM_PWM_Stop_DMA  stm32f7xx_hal_tim.o
    0x08002b44   0x08002b44   0x00000002   Code   RO         1311    i.HAL_TIM_PeriodElapsedCallback  stm32f7xx_hal_tim.o
    0x08002b46   0x08002b46   0x00000002   Code   RO         1316    i.HAL_TIM_TriggerCallback  stm32f7xx_hal_tim.o
    0x08002b48   0x08002b48   0x00000066   Code   RO         2210    i.HAL_UART_Init     stm32f7xx_hal_uart.o
    0x08002bae   0x08002bae   0x00000002   PAD
    0x08002bb0   0x08002bb0   0x00000064   Code   RO          641    i.HAL_UART_MspInit  usart.o
    0x08002c14   0x08002c14   0x000000b6   Code   RO         2218    i.HAL_UART_Transmit  stm32f7xx_hal_uart.o
    0x08002cca   0x08002cca   0x00000002   Code   RO          689    i.HardFault_Handler  stm32f7xx_it.o
    0x08002ccc   0x08002ccc   0x00000064   Code   RO          495    i.MX_ADC1_Init      adc.o
    0x08002d30   0x08002d30   0x00000060   Code   RO          496    i.MX_ADC2_Init      adc.o
    0x08002d90   0x08002d90   0x0000003c   Code   RO          541    i.MX_DMA_Init       dma.o
    0x08002dcc   0x08002dcc   0x0000012c   Code   RO          357    i.MX_GPIO_Init      gpio.o
    0x08002ef8   0x08002ef8   0x000000ac   Code   RO          573    i.MX_TIM1_Init      tim.o
    0x08002fa4   0x08002fa4   0x00000068   Code   RO          574    i.MX_TIM2_Init      tim.o
    0x0800300c   0x0800300c   0x00000068   Code   RO          575    i.MX_TIM4_Init      tim.o
    0x08003074   0x08003074   0x0000003c   Code   RO          642    i.MX_USART3_UART_Init  usart.o
    0x080030b0   0x080030b0   0x00000002   Code   RO          690    i.MemManage_Handler  stm32f7xx_it.o
    0x080030b2   0x080030b2   0x00000002   Code   RO          691    i.NMI_Handler       stm32f7xx_it.o
    0x080030b4   0x080030b4   0x00000002   Code   RO          692    i.PendSV_Handler    stm32f7xx_it.o
    0x080030b6   0x080030b6   0x00000002   Code   RO          693    i.SVC_Handler       stm32f7xx_it.o
    0x080030b8   0x080030b8   0x00000004   Code   RO          694    i.SysTick_Handler   stm32f7xx_it.o
    0x080030bc   0x080030bc   0x00000054   Code   RO         4125    i.SystemInit        system_stm32f7xx.o
    0x08003110   0x08003110   0x0000001c   Code   RO          695    i.TIM4_IRQHandler   stm32f7xx_it.o
    0x0800312c   0x0800312c   0x000000cc   Code   RO         1318    i.TIM_Base_SetConfig  stm32f7xx_hal_tim.o
    0x080031f8   0x080031f8   0x0000001a   Code   RO         1319    i.TIM_CCxChannelCmd  stm32f7xx_hal_tim.o
    0x08003212   0x08003212   0x0000003e   Code   RO         1322    i.TIM_DMADelayPulseCplt  stm32f7xx_hal_tim.o
    0x08003250   0x08003250   0x0000003e   Code   RO         1323    i.TIM_DMADelayPulseHalfCplt  stm32f7xx_hal_tim.o
    0x0800328e   0x0800328e   0x00000010   Code   RO         1324    i.TIM_DMAError      stm32f7xx_hal_tim.o
    0x0800329e   0x0800329e   0x00000012   Code   RO         1329    i.TIM_ETR_SetConfig  stm32f7xx_hal_tim.o
    0x080032b0   0x080032b0   0x00000010   Code   RO         1330    i.TIM_ITRx_SetConfig  stm32f7xx_hal_tim.o
    0x080032c0   0x080032c0   0x00000074   Code   RO         1331    i.TIM_OC1_SetConfig  stm32f7xx_hal_tim.o
    0x08003334   0x08003334   0x00000078   Code   RO         1332    i.TIM_OC2_SetConfig  stm32f7xx_hal_tim.o
    0x080033ac   0x080033ac   0x00000078   Code   RO         1333    i.TIM_OC3_SetConfig  stm32f7xx_hal_tim.o
    0x08003424   0x08003424   0x00000058   Code   RO         1334    i.TIM_OC4_SetConfig  stm32f7xx_hal_tim.o
    0x0800347c   0x0800347c   0x00000058   Code   RO         1335    i.TIM_OC5_SetConfig  stm32f7xx_hal_tim.o
    0x080034d4   0x080034d4   0x00000058   Code   RO         1336    i.TIM_OC6_SetConfig  stm32f7xx_hal_tim.o
    0x0800352c   0x0800352c   0x00000022   Code   RO         1338    i.TIM_TI1_ConfigInputStage  stm32f7xx_hal_tim.o
    0x0800354e   0x0800354e   0x00000024   Code   RO         1340    i.TIM_TI2_ConfigInputStage  stm32f7xx_hal_tim.o
    0x08003572   0x08003572   0x000000c8   Code   RO         2223    i.UART_AdvFeatureConfig  stm32f7xx_hal_uart.o
    0x0800363a   0x0800363a   0x0000003c   Code   RO         2224    i.UART_CheckIdleState  stm32f7xx_hal_uart.o
    0x08003676   0x08003676   0x00000002   PAD
    0x08003678   0x08003678   0x00000254   Code   RO         2239    i.UART_SetConfig    stm32f7xx_hal_uart.o
    0x080038cc   0x080038cc   0x00000060   Code   RO         2242    i.UART_WaitOnFlagUntilTimeout  stm32f7xx_hal_uart.o
    0x0800392c   0x0800392c   0x00000002   Code   RO          696    i.UsageFault_Handler  stm32f7xx_it.o
    0x0800392e   0x0800392e   0x00000002   PAD
    0x08003930   0x08003930   0x00000090   Code   RO           16    i._Z10displayHEXj   main_1.o
    0x080039c0   0x080039c0   0x000000c4   Code   RO           17    i._Z10displayVOLj   main_1.o
    0x08003a84   0x08003a84   0x00000058   Code   RO           19    i._Z11randomColorv  main_1.o
    0x08003adc   0x08003adc   0x00000060   Code   RO           20    i._Z12loopPalette2PA3_h  main_1.o
    0x08003b3c   0x08003b3c   0x0000001c   Code   RO           22    i._Z12randomNumberhh  main_1.o
    0x08003b58   0x08003b58   0x0000007c   Code   RO           23    i._Z14strobeGradientv  main_1.o
    0x08003bd4   0x08003bd4   0x00000060   Code   RO           24    i._Z15rainbowGradientv  main_1.o
    0x08003c34   0x08003c34   0x00000054   Code   RO           25    i._Z16SCB_EnableDCachev  main_1.o
    0x08003c88   0x08003c88   0x00000034   Code   RO           26    i._Z16SCB_EnableICachev  main_1.o
    0x08003cbc   0x08003cbc   0x0000009c   Code   RO           27    i._Z18SystemClock_Configv  main_1.o
    0x08003d58   0x08003d58   0x00000048   Code   RO           28    i._Z5Wheelh         main_1.o
    0x08003da0   0x08003da0   0x00000074   Code   RO           29    i._Z8musicRowPh     main_1.o
    0x08003e14   0x08003e14   0x000004a0   Code   RO           30    i._Z8set_FreqPd     main_1.o
    0x080042b4   0x080042b4   0x00000050   Code   RO           31    i._Z8wheelAllv      main_1.o
    0x08004304   0x08004304   0x00000140   Code   RO           33    i._Z9set_speedj     main_1.o
    0x08004444   0x08004444   0x00000038   Code   RO         4163    i._ZN5WSLED11led_displayEv  ws2812b.o
    0x0800447c   0x0800447c   0x0000001c   Code   RO         4164    i._ZN5WSLED13led_set_colorEjhhh  ws2812b.o
    0x08004498   0x08004498   0x0000001a   Code   RO         4165    i._ZN5WSLED17led_set_color_allEhhh  ws2812b.o
    0x080044b2   0x080044b2   0x00000020   Code   RO         4166    i._ZN5WSLED17led_set_color_rgbEjj  ws2812b.o
    0x080044d2   0x080044d2   0x0000005e   Code   RO         4167    i._ZN5WSLED21led_fill_led_pwm_dataEj  ws2812b.o
    0x08004530   0x08004530   0x00000026   Code   RO         4168    i._ZN5WSLED21led_set_color_all_rgbEj  ws2812b.o
    0x08004556   0x08004556   0x00000002   PAD
    0x08004558   0x08004558   0x00000014   Code   RO         4171    i._ZN5WSLED8led_initEv  ws2812b.o
    0x0800456c   0x0800456c   0x00000018   Code   RO         4172    i._ZN5WSLEDC1Ev     ws2812b.o
    0x08004584   0x08004584   0x00000004   Code   RO          194    i._ZSt3powff        main_1.o
    0x08004588   0x08004588   0x00000028   Code   RO         4516    i.__0sprintf        mc_w.l(printfa.o)
    0x080045b0   0x080045b0   0x00000026   Code   RO         4547    i.__ARM_fpclassifyf  m_wv.l(fpclassifyf.o)
    0x080045d6   0x080045d6   0x00000022   Code   RO         1111    i.__NVIC_SetPriority  stm32f7xx_hal_cortex.o
    0x080045f8   0x080045f8   0x00000658   Code   RO         4255    i.__hardfp_powf     m_wv.l(powf.o)
    0x08004c50   0x08004c50   0x00000018   Code   RO         4549    i.__mathlib_flt_divzero  m_wv.l(funder.o)
    0x08004c68   0x08004c68   0x00000006   Code   RO         4551    i.__mathlib_flt_infnan2  m_wv.l(funder.o)
    0x08004c6e   0x08004c6e   0x00000002   PAD
    0x08004c70   0x08004c70   0x00000010   Code   RO         4552    i.__mathlib_flt_invalid  m_wv.l(funder.o)
    0x08004c80   0x08004c80   0x00000010   Code   RO         4553    i.__mathlib_flt_overflow  m_wv.l(funder.o)
    0x08004c90   0x08004c90   0x00000010   Code   RO         4555    i.__mathlib_flt_underflow  m_wv.l(funder.o)
    0x08004ca0   0x08004ca0   0x0000000e   Code   RO         4616    i.__scatterload_copy  mc_w.l(handlers.o)
    0x08004cae   0x08004cae   0x00000002   Code   RO         4617    i.__scatterload_null  mc_w.l(handlers.o)
    0x08004cb0   0x08004cb0   0x0000000e   Code   RO         4618    i.__scatterload_zeroinit  mc_w.l(handlers.o)
    0x08004cbe   0x08004cbe   0x00000002   PAD
    0x08004cc0   0x08004cc0   0x0000000c   Code   RO         4588    i.__set_errno       mc_w.l(errno.o)
    0x08004ccc   0x08004ccc   0x0000000c   Code   RO           34    i.__sti___8_main_cpp_wsled  main_1.o
    0x08004cd8   0x08004cd8   0x00000184   Code   RO         4521    i._fp_digits        mc_w.l(printfa.o)
    0x08004e5c   0x08004e5c   0x000006dc   Code   RO         4522    i._printf_core      mc_w.l(printfa.o)
    0x08005538   0x08005538   0x00000024   Code   RO         4523    i._printf_post_padding  mc_w.l(printfa.o)
    0x0800555c   0x0800555c   0x0000002e   Code   RO         4524    i._printf_pre_padding  mc_w.l(printfa.o)
    0x0800558a   0x0800558a   0x0000000a   Code   RO         4526    i._sputc            mc_w.l(printfa.o)
    0x08005594   0x08005594   0x00000180   Code   RO           35    i.main              main_1.o
    0x08005714   0x08005714   0x000000a0   Code   RO           36    i.spectrum_ANALYZER  main_1.o
    0x080057b4   0x080057b4   0x00000008   Data   RO         2995    .constdata          stm32f7xx_hal_dma.o
    0x080057bc   0x080057bc   0x00000010   Data   RO         4126    .constdata          system_stm32f7xx.o
    0x080057cc   0x080057cc   0x00000008   Data   RO         4127    .constdata          system_stm32f7xx.o
    0x080057d4   0x080057d4   0x00000140   Data   RO         4258    .constdata          m_wv.l(powf.o)
    0x08005914   0x08005914   0x00000020   Data   RO         4614    Region$$Table       anon$$obj.o
    0x08005934   0x08005934   0x00000004   Data   RO           67    .init_array         main_1.o
    0x08005938   0x08005934   0x00000000   Data   RO         4543    .init_array         mc_w.l(cpp_init.o)


    Execution Region RW_IRAM1 (Exec base: 0x20000000, Load base: 0x08005938, Size: 0x00001aa8, Max: 0x00080000, ABSOLUTE)

    Exec Addr    Load Addr    Size         Type   Attr      Idx    E Section Name        Object

    0x20000000   0x08005938   0x00000022   Data   RW           63    .data               main_1.o
    0x20000022   0x0800595a   0x00000002   PAD
    0x20000024   0x0800595c   0x0000000c   Data   RW         3374    .data               stm32f7xx_hal.o
    0x20000030   0x08005968   0x00000004   Data   RW         4128    .data               system_stm32f7xx.o
    0x20000034   0x0800596c   0x00000004   Data   RW         4275    .data               mc_w.l(rand.o)
    0x20000038   0x08005970   0x00000004   Data   RW         4589    .data               mc_w.l(errno.o)
    0x2000003c        -       0x000013d8   Zero   RW           61    .bss                main_1.o
    0x20001414        -       0x000000f0   Zero   RW          497    .bss                adc.o
    0x20001504        -       0x00000120   Zero   RW          576    .bss                tim.o
    0x20001624        -       0x00000080   Zero   RW          643    .bss                usart.o
    0x200016a4   0x08005974   0x00000004   PAD
    0x200016a8        -       0x00000400   Zero   RW            1    STACK               startup_stm32f767xx.o


==============================================================================

Image component sizes


      Code (inc. data)   RO Data    RW Data    ZI Data      Debug   Object Name

       440         46          0          0        240       2508   adc.o
        60          4          0          0          0        762   dma.o
       300         26          0          0          0     877935   gpio.o
      3866        502          4         34       5080     867942   main_1.o
        36          8        504          0       1024        836   startup_stm32f767xx.o
       150         24          0         12          0       9177   stm32f7xx_hal.o
      1542         70          0          0          0       7137   stm32f7xx_hal_adc.o
         2          0          0          0          0        977   stm32f7xx_hal_adc_ex.o
       198         12          0          0          0      38983   stm32f7xx_hal_cortex.o
       966         16          8          0          0       6490   stm32f7xx_hal_dma.o
       506         60          0          0          0       3195   stm32f7xx_hal_gpio.o
        52          4          0          0          0        830   stm32f7xx_hal_msp.o
       108          8          0          0          0       1268   stm32f7xx_hal_pwr_ex.o
      1292         68          0          0          0       5104   stm32f7xx_hal_rcc.o
      1340         22          0          0          0       2320   stm32f7xx_hal_rcc_ex.o
      2674        174          0          0          0      23163   stm32f7xx_hal_tim.o
       262         18          0          0          0       3968   stm32f7xx_hal_tim_ex.o
      1236         70          0          0          0       6213   stm32f7xx_hal_uart.o
       112         32          0          0          0       6923   stm32f7xx_it.o
        84         16         24          4          0       1227   system_stm32f7xx.o
       660         60          0          0        288       4458   tim.o
       160         20          0          0        128       1670   usart.o
       318          4          0          0          0       6380   ws2812b.o

    ----------------------------------------------------------------------
     16390       1264        572         52       6764    1879466   Object Totals
         0          0         32          0          0          0   (incl. Generated)
        26          0          0          2          4          0   (incl. Padding)

    ----------------------------------------------------------------------

      Code (inc. data)   RO Data    RW Data    ZI Data      Debug   Library Member Name

        38          0          0          0          0        116   fpclassifyf.o
        78         28          0          0          0        580   funder.o
      1624        130        320          0          0        400   powf.o
        32         10          0          0          0         80   cpp_init.o
         0          0          0          0          0          0   entry.o
         0          0          0          0          0          0   entry10a.o
         0          0          0          0          0          0   entry11a.o
         8          4          0          0          0          0   entry2.o
         4          0          0          0          0          0   entry5.o
         0          0          0          0          0          0   entry7b.o
         4          0          0          0          0          0   entry8a.o
         0          0          0          0          0          0   entry8b.o
         8          4          0          0          0          0   entry9a.o
        12          6          0          4          0         68   errno.o
        30          0          0          0          0          0   handlers.o
        36          8          0          0          0         68   init.o
         0          0          0          0          0          0   iusefp.o
        30          0          0          0          0         68   llshl.o
        36          0          0          0          0         68   llsshr.o
        32          0          0          0          0         68   llushr.o
        36          0          0          0          0        108   memseta.o
      2276         86          0          0          0        520   printfa.o
        36         10          0          4          0        136   rand.o
        14          0          0          0          0         68   strlen.o
        44          0          0          0          0         80   uidiv.o
        98          0          0          0          0         92   uldiv.o
        48          0          0          0          0         68   cdrcmple.o
       334          0          0          0          0        148   dadd.o
       222          0          0          0          0        100   ddiv.o
       186          0          0          0          0        176   depilogue.o
        48          0          0          0          0         68   dfixul.o
       228          0          0          0          0         96   dmul.o
         4          0          0          0          0         68   fpstat.o

    ----------------------------------------------------------------------
      5558        286        320          8          0       3244   Library Totals
        12          0          0          0          0          0   (incl. Padding)

    ----------------------------------------------------------------------

      Code (inc. data)   RO Data    RW Data    ZI Data      Debug   Library Name

      1740        158        320          0          0       1096   m_wv.l
      2736        128          0          8          0       1424   mc_w.l
      1070          0          0          0          0        724   mf_w.l

    ----------------------------------------------------------------------
      5558        286        320          8          0       3244   Library Totals

    ----------------------------------------------------------------------

==============================================================================


      Code (inc. data)   RO Data    RW Data    ZI Data      Debug   

     21948       1550        892         60       6764    1867922   Grand Totals
     21948       1550        892         60       6764    1867922   ELF Image Totals
     21948       1550        892         60          0          0   ROM Totals

==============================================================================

    Total RO  Size (Code + RO Data)                22840 (  22.30kB)
    Total RW  Size (RW Data + ZI Data)              6824 (   6.66kB)
    Total ROM Size (Code + RO Data + RW Data)      22900 (  22.36kB)

==============================================================================

